[0.110s] Invoking command in '/home/bose/dev_ws/src/my_bot/build/my_bot': CMAKE_PREFIX_PATH=${CMAKE_PREFIX_PATH}:/home/bose/ros2_ws/install/serial_motor_demo:/opt/ros/humble /usr/bin/cmake /home/bose/dev_ws/src/my_bot -DCMAKE_INSTALL_PREFIX=/home/bose/dev_ws/src/my_bot/install/my_bot
[2.422s] -- The C compiler identification is GNU 11.4.0
[3.691s] -- The CXX compiler identification is GNU 11.4.0
[3.728s] -- Detecting C compiler ABI info
[4.222s] -- Detecting C compiler ABI info - done
[4.250s] -- Check for working C compiler: /usr/bin/cc - skipped
[4.252s] -- Detecting C compile features
[4.254s] -- Detecting C compile features - done
[4.267s] -- Detecting CXX compiler ABI info
[4.726s] -- Detecting CXX compiler ABI info - done
[4.754s] -- Check for working CXX compiler: /usr/bin/c++ - skipped
[4.755s] -- Detecting CXX compile features
[4.757s] -- Detecting CXX compile features - done
[4.801s] -- Found ament_cmake: 1.3.11 (/opt/ros/humble/share/ament_cmake/cmake)
[5.613s] -- Found Python3: /usr/bin/python3 (found version "3.10.12") found components: Interpreter 
[6.348s] -- Found hardware_interface: 2.49.0 (/opt/ros/humble/share/hardware_interface/cmake)
[6.809s] -- Found rosidl_generator_c: 3.1.6 (/opt/ros/humble/share/rosidl_generator_c/cmake)
[6.876s] -- Found rosidl_adapter: 3.1.6 (/opt/ros/humble/share/rosidl_adapter/cmake)
[6.955s] -- Found rosidl_generator_cpp: 3.1.6 (/opt/ros/humble/share/rosidl_generator_cpp/cmake)
[7.053s] -- Using all available rosidl_typesupport_c: rosidl_typesupport_fastrtps_c;rosidl_typesupport_introspection_c
[7.189s] -- Using all available rosidl_typesupport_cpp: rosidl_typesupport_fastrtps_cpp;rosidl_typesupport_introspection_cpp
[8.733s] -- Found rmw_implementation_cmake: 6.1.2 (/opt/ros/humble/share/rmw_implementation_cmake/cmake)
[8.769s] -- Found rmw_fastrtps_cpp: 6.2.7 (/opt/ros/humble/share/rmw_fastrtps_cpp/cmake)
[9.023s] -- Found TinyXML2 via Config file: TinyXML2_DIR-NOTFOUND
[9.329s] -- Found OpenSSL: /usr/lib/aarch64-linux-gnu/libcrypto.so (found version "3.0.2")  
[9.349s] -- Found TinyXML2 via Config file: TinyXML2_DIR-NOTFOUND
[9.434s] -- Found FastRTPS: /opt/ros/humble/include  
[9.446s] -- Found TinyXML2 via Config file: TinyXML2_DIR-NOTFOUND
[9.484s] -- Found TinyXML2 via Config file: TinyXML2_DIR-NOTFOUND
[9.524s] -- Using RMW implementation 'rmw_fastrtps_cpp' as default
[9.681s] -- Looking for pthread.h
[10.128s] -- Looking for pthread.h - found
[10.130s] -- Performing Test CMAKE_HAVE_LIBC_PTHREAD
[10.535s] -- Performing Test CMAKE_HAVE_LIBC_PTHREAD - Success
[10.540s] -- Found Threads: TRUE  
[10.926s] -- Found PkgConfig: /usr/bin/pkg-config (found version "0.29.2") 
[10.929s] -- Checking for module 'libserial'
[10.998s] --   Found libserial, version 1.0.0
[11.602s] -- Configuring done
[11.920s] -- Generating done
[11.945s] -- Build files have been written to: /home/bose/dev_ws/src/my_bot/build/my_bot
[11.992s] Invoked command in '/home/bose/dev_ws/src/my_bot/build/my_bot' returned '0': CMAKE_PREFIX_PATH=${CMAKE_PREFIX_PATH}:/home/bose/ros2_ws/install/serial_motor_demo:/opt/ros/humble /usr/bin/cmake /home/bose/dev_ws/src/my_bot -DCMAKE_INSTALL_PREFIX=/home/bose/dev_ws/src/my_bot/install/my_bot
[12.004s] Invoking command in '/home/bose/dev_ws/src/my_bot/build/my_bot': CMAKE_PREFIX_PATH=${CMAKE_PREFIX_PATH}:/home/bose/ros2_ws/install/serial_motor_demo:/opt/ros/humble /usr/bin/cmake --build /home/bose/dev_ws/src/my_bot/build/my_bot -- -j4 -l4
[12.266s] [ 50%] [32mBuilding CXX object CMakeFiles/my_bot.dir/hardware/diffbot_system.cpp.o[0m
[29.150s] [100%] [32m[1mLinking CXX shared library libmy_bot.so[0m
[30.368s] [100%] Built target my_bot
[30.413s] Invoked command in '/home/bose/dev_ws/src/my_bot/build/my_bot' returned '0': CMAKE_PREFIX_PATH=${CMAKE_PREFIX_PATH}:/home/bose/ros2_ws/install/serial_motor_demo:/opt/ros/humble /usr/bin/cmake --build /home/bose/dev_ws/src/my_bot/build/my_bot -- -j4 -l4
[30.469s] Invoking command in '/home/bose/dev_ws/src/my_bot/build/my_bot': CMAKE_PREFIX_PATH=${CMAKE_PREFIX_PATH}:/home/bose/ros2_ws/install/serial_motor_demo:/opt/ros/humble /usr/bin/cmake --install /home/bose/dev_ws/src/my_bot/build/my_bot
[30.505s] -- Install configuration: ""
[30.505s] -- Installing: /home/bose/dev_ws/src/my_bot/install/my_bot/lib/libmy_bot.so
[30.515s] -- Set runtime path of "/home/bose/dev_ws/src/my_bot/install/my_bot/lib/libmy_bot.so" to ""
[30.516s] -- Installing: /home/bose/dev_ws/src/my_bot/install/my_bot/include
[30.517s] -- Installing: /home/bose/dev_ws/src/my_bot/install/my_bot/include/my_bot
[30.517s] -- Installing: /home/bose/dev_ws/src/my_bot/install/my_bot/include/my_bot/wheel.hpp
[30.518s] -- Installing: /home/bose/dev_ws/src/my_bot/install/my_bot/include/my_bot/diffbot_system.hpp
[30.518s] -- Installing: /home/bose/dev_ws/src/my_bot/install/my_bot/include/my_bot/visibility_control.h
[30.519s] -- Installing: /home/bose/dev_ws/src/my_bot/install/my_bot/include/my_bot/arduino_comms.hpp
[30.521s] -- Installing: /home/bose/dev_ws/src/my_bot/install/my_bot/share/my_bot/config
[30.523s] -- Installing: /home/bose/dev_ws/src/my_bot/install/my_bot/share/my_bot/config/my_controllers.yaml
[30.524s] -- Installing: /home/bose/dev_ws/src/my_bot/install/my_bot/share/my_bot/config/joystick.yaml
[30.525s] -- Installing: /home/bose/dev_ws/src/my_bot/install/my_bot/share/my_bot/config/gazebo_params.yaml
[30.526s] -- Installing: /home/bose/dev_ws/src/my_bot/install/my_bot/share/my_bot/config/twist_mux.yaml
[30.527s] -- Installing: /home/bose/dev_ws/src/my_bot/install/my_bot/share/my_bot/config/drive_ot.rviz
[30.532s] -- Installing: /home/bose/dev_ws/src/my_bot/install/my_bot/share/my_bot/config/view_bot.rviz
[30.534s] -- Installing: /home/bose/dev_ws/src/my_bot/install/my_bot/share/my_bot/config/fastrtps.xml
[30.534s] -- Installing: /home/bose/dev_ws/src/my_bot/install/my_bot/share/my_bot/config/mapper_params_online_async.yaml
[30.535s] -- Installing: /home/bose/dev_ws/src/my_bot/install/my_bot/share/my_bot/config/empty.yaml
[30.538s] -- Installing: /home/bose/dev_ws/src/my_bot/install/my_bot/share/my_bot/description
[30.538s] -- Installing: /home/bose/dev_ws/src/my_bot/install/my_bot/share/my_bot/description/ros2_control.xacro
[30.539s] -- Installing: /home/bose/dev_ws/src/my_bot/install/my_bot/share/my_bot/description/inertial_macros.xacro
[30.540s] -- Installing: /home/bose/dev_ws/src/my_bot/install/my_bot/share/my_bot/description/gazebo_control.xacro
[30.541s] -- Installing: /home/bose/dev_ws/src/my_bot/install/my_bot/share/my_bot/description/lidar.xacro
[30.543s] -- Installing: /home/bose/dev_ws/src/my_bot/install/my_bot/share/my_bot/description/camera.xacro
[30.544s] -- Installing: /home/bose/dev_ws/src/my_bot/install/my_bot/share/my_bot/description/robot.urdf.xacro
[30.544s] -- Installing: /home/bose/dev_ws/src/my_bot/install/my_bot/share/my_bot/description/robot_core.xacro
[30.545s] -- Installing: /home/bose/dev_ws/src/my_bot/install/my_bot/share/my_bot/launch
[30.546s] -- Installing: /home/bose/dev_ws/src/my_bot/install/my_bot/share/my_bot/launch/launch_robot.launch.py
[30.546s] -- Installing: /home/bose/dev_ws/src/my_bot/install/my_bot/share/my_bot/launch/__pycache__
[30.547s] -- Installing: /home/bose/dev_ws/src/my_bot/install/my_bot/share/my_bot/launch/camera.launch.py
[30.547s] -- Installing: /home/bose/dev_ws/src/my_bot/install/my_bot/share/my_bot/launch/rplidar.launch.py
[30.548s] -- Installing: /home/bose/dev_ws/src/my_bot/install/my_bot/share/my_bot/launch/joystick.launch.py
[30.548s] -- Installing: /home/bose/dev_ws/src/my_bot/install/my_bot/share/my_bot/launch/launch_sim.launch.py
[30.549s] -- Installing: /home/bose/dev_ws/src/my_bot/install/my_bot/share/my_bot/launch/rsp.launch.py
[30.549s] -- Installing: /home/bose/dev_ws/src/my_bot/install/my_bot/share/my_bot/launch/teleop
[30.551s] -- Installing: /home/bose/dev_ws/src/my_bot/install/my_bot/share/my_bot/worlds
[30.552s] -- Installing: /home/bose/dev_ws/src/my_bot/install/my_bot/share/my_bot/worlds/new.world
[30.554s] -- Installing: /home/bose/dev_ws/src/my_bot/install/my_bot/share/my_bot/worlds/obstacle.world
[30.555s] -- Installing: /home/bose/dev_ws/src/my_bot/install/my_bot/share/my_bot/worlds/lidar.world
[30.557s] -- Installing: /home/bose/dev_ws/src/my_bot/install/my_bot/share/my_bot/worlds/house.world
[30.559s] -- Installing: /home/bose/dev_ws/src/my_bot/install/my_bot/share/my_bot/worlds/empty.world
[30.561s] -- Installing: /home/bose/dev_ws/src/my_bot/install/my_bot/share/my_bot/worlds/lid.world
[30.563s] -- Installing: /home/bose/dev_ws/src/my_bot/install/my_bot/lib/my_bot/diff_tf.py
[30.564s] -- Installing: /home/bose/dev_ws/src/my_bot/install/my_bot/share/my_bot/my_bot.xml
[30.566s] -- Installing: /home/bose/dev_ws/src/my_bot/install/my_bot/share/my_bot/environment/library_path.sh
[30.567s] -- Installing: /home/bose/dev_ws/src/my_bot/install/my_bot/share/my_bot/environment/library_path.dsv
[30.569s] -- Installing: /home/bose/dev_ws/src/my_bot/install/my_bot/share/ament_index/resource_index/package_run_dependencies/my_bot
[30.571s] -- Installing: /home/bose/dev_ws/src/my_bot/install/my_bot/share/ament_index/resource_index/parent_prefix_path/my_bot
[30.573s] -- Installing: /home/bose/dev_ws/src/my_bot/install/my_bot/share/my_bot/environment/ament_prefix_path.sh
[30.574s] -- Installing: /home/bose/dev_ws/src/my_bot/install/my_bot/share/my_bot/environment/ament_prefix_path.dsv
[30.575s] -- Installing: /home/bose/dev_ws/src/my_bot/install/my_bot/share/my_bot/environment/path.sh
[30.576s] -- Installing: /home/bose/dev_ws/src/my_bot/install/my_bot/share/my_bot/environment/path.dsv
[30.577s] -- Installing: /home/bose/dev_ws/src/my_bot/install/my_bot/share/my_bot/local_setup.bash
[30.578s] -- Installing: /home/bose/dev_ws/src/my_bot/install/my_bot/share/my_bot/local_setup.sh
[30.579s] -- Installing: /home/bose/dev_ws/src/my_bot/install/my_bot/share/my_bot/local_setup.zsh
[30.580s] -- Installing: /home/bose/dev_ws/src/my_bot/install/my_bot/share/my_bot/local_setup.dsv
[30.581s] -- Installing: /home/bose/dev_ws/src/my_bot/install/my_bot/share/my_bot/package.dsv
[30.583s] -- Installing: /home/bose/dev_ws/src/my_bot/install/my_bot/share/ament_index/resource_index/packages/my_bot
[30.584s] -- Installing: /home/bose/dev_ws/src/my_bot/install/my_bot/share/ament_index/resource_index/hardware_interface__pluginlib__plugin/my_bot
[30.586s] -- Installing: /home/bose/dev_ws/src/my_bot/install/my_bot/share/my_bot/cmake/ament_cmake_export_include_directories-extras.cmake
[30.587s] -- Installing: /home/bose/dev_ws/src/my_bot/install/my_bot/share/my_bot/cmake/ament_cmake_export_libraries-extras.cmake
[30.588s] -- Installing: /home/bose/dev_ws/src/my_bot/install/my_bot/share/my_bot/cmake/ament_cmake_export_dependencies-extras.cmake
[30.590s] -- Installing: /home/bose/dev_ws/src/my_bot/install/my_bot/share/my_bot/cmake/my_botConfig.cmake
[30.591s] -- Installing: /home/bose/dev_ws/src/my_bot/install/my_bot/share/my_bot/cmake/my_botConfig-version.cmake
[30.592s] -- Installing: /home/bose/dev_ws/src/my_bot/install/my_bot/share/my_bot/package.xml
[30.599s] Invoked command in '/home/bose/dev_ws/src/my_bot/build/my_bot' returned '0': CMAKE_PREFIX_PATH=${CMAKE_PREFIX_PATH}:/home/bose/ros2_ws/install/serial_motor_demo:/opt/ros/humble /usr/bin/cmake --install /home/bose/dev_ws/src/my_bot/build/my_bot
