[0.076s] Invoking command in '/home/bose/dev_ws/src/my_bot/build/my_bot': CMAKE_PREFIX_PATH=${CMAKE_PREFIX_PATH}:/home/bose/ros2_ws/install/serial_motor_demo:/opt/ros/humble /usr/bin/cmake /home/bose/dev_ws/src/my_bot -DAMENT_CMAKE_SYMLINK_INSTALL=1 -DCMAKE_INSTALL_PREFIX=/home/bose/dev_ws/src/my_bot/install/my_bot
[0.129s] -- Found ament_cmake: 1.3.11 (/opt/ros/humble/share/ament_cmake/cmake)
[0.776s] -- Override CMake install command with custom implementation using symlinks instead of copying resources
[0.815s] -- Found hardware_interface: 2.50.0 (/opt/ros/humble/share/hardware_interface/cmake)
[0.987s] -- Found rosidl_generator_c: 3.1.6 (/opt/ros/humble/share/rosidl_generator_c/cmake)
[1.003s] -- Found rosidl_adapter: 3.1.6 (/opt/ros/humble/share/rosidl_adapter/cmake)
[1.026s] -- Found rosidl_generator_cpp: 3.1.6 (/opt/ros/humble/share/rosidl_generator_cpp/cmake)
[1.067s] -- Using all available rosidl_typesupport_c: rosidl_typesupport_fastrtps_c;rosidl_typesupport_introspection_c
[1.123s] -- Using all available rosidl_typesupport_cpp: rosidl_typesupport_fastrtps_cpp;rosidl_typesupport_introspection_cpp
[1.977s] -- Found rmw_implementation_cmake: 6.1.2 (/opt/ros/humble/share/rmw_implementation_cmake/cmake)
[1.984s] -- Found rmw_cyclonedds_cpp: 1.3.4 (/opt/ros/humble/share/rmw_cyclonedds_cpp/cmake)
[2.061s] -- Using RMW implementation 'rmw_cyclonedds_cpp' as default
[3.037s] -- Configuring done
[3.207s] -- Generating done
[3.245s] -- Build files have been written to: /home/bose/dev_ws/src/my_bot/build/my_bot
[3.292s] Invoked command in '/home/bose/dev_ws/src/my_bot/build/my_bot' returned '0': CMAKE_PREFIX_PATH=${CMAKE_PREFIX_PATH}:/home/bose/ros2_ws/install/serial_motor_demo:/opt/ros/humble /usr/bin/cmake /home/bose/dev_ws/src/my_bot -DAMENT_CMAKE_SYMLINK_INSTALL=1 -DCMAKE_INSTALL_PREFIX=/home/bose/dev_ws/src/my_bot/install/my_bot
[3.299s] Invoking command in '/home/bose/dev_ws/src/my_bot/build/my_bot': CMAKE_PREFIX_PATH=${CMAKE_PREFIX_PATH}:/home/bose/ros2_ws/install/serial_motor_demo:/opt/ros/humble /usr/bin/cmake --build /home/bose/dev_ws/src/my_bot/build/my_bot -- -j4 -l4
[3.507s] [35m[1mConsolidate compiler generated dependencies of target my_bot[0m
[3.614s] [  0%] Built target ament_cmake_python_symlink_my_bot
[3.628s] [ 50%] [32mBuilding CXX object CMakeFiles/my_bot.dir/hardware/diffbot_system.cpp.o[0m
[5.697s] running egg_info
[5.700s] writing my_bot.egg-info/PKG-INFO
[5.701s] writing dependency_links to my_bot.egg-info/dependency_links.txt
[5.708s] writing top-level names to my_bot.egg-info/top_level.txt
[5.717s] reading manifest file 'my_bot.egg-info/SOURCES.txt'
[5.721s] writing manifest file 'my_bot.egg-info/SOURCES.txt'
[5.900s] [ 50%] Built target ament_cmake_python_build_my_bot_egg
[24.812s] [100%] [32m[1mLinking CXX shared library libmy_bot.so[0m
[25.992s] [100%] Built target my_bot
[26.040s] Invoked command in '/home/bose/dev_ws/src/my_bot/build/my_bot' returned '0': CMAKE_PREFIX_PATH=${CMAKE_PREFIX_PATH}:/home/bose/ros2_ws/install/serial_motor_demo:/opt/ros/humble /usr/bin/cmake --build /home/bose/dev_ws/src/my_bot/build/my_bot -- -j4 -l4
[26.089s] Invoking command in '/home/bose/dev_ws/src/my_bot/build/my_bot': CMAKE_PREFIX_PATH=${CMAKE_PREFIX_PATH}:/home/bose/ros2_ws/install/serial_motor_demo:/opt/ros/humble /usr/bin/cmake --install /home/bose/dev_ws/src/my_bot/build/my_bot
[26.124s] -- Install configuration: ""
[26.126s] -- Execute custom install script
[26.128s] -- Up-to-date symlink: /home/bose/dev_ws/src/my_bot/install/my_bot/lib/libmy_bot.so
[26.130s] -- Up-to-date symlink: /home/bose/dev_ws/src/my_bot/install/my_bot/include/my_bot/arduino_comms.hpp
[26.130s] -- Up-to-date symlink: /home/bose/dev_ws/src/my_bot/install/my_bot/include/my_bot/diffbot_system.hpp
[26.131s] -- Up-to-date symlink: /home/bose/dev_ws/src/my_bot/install/my_bot/include/my_bot/visibility_control.h
[26.133s] -- Up-to-date symlink: /home/bose/dev_ws/src/my_bot/install/my_bot/include/my_bot/wheel.hpp
[26.134s] -- Up-to-date symlink: /home/bose/dev_ws/src/my_bot/install/my_bot/share/my_bot/environment/pythonpath.sh
[26.134s] -- Up-to-date symlink: /home/bose/dev_ws/src/my_bot/install/my_bot/share/my_bot/environment/pythonpath.dsv
[26.136s] -- Up-to-date symlink: /home/bose/dev_ws/src/my_bot/install/my_bot/local/lib/python3.10/dist-packages/my_bot-0.0.0-py3.10.egg-info/PKG-INFO
[26.137s] -- Up-to-date symlink: /home/bose/dev_ws/src/my_bot/install/my_bot/local/lib/python3.10/dist-packages/my_bot-0.0.0-py3.10.egg-info/SOURCES.txt
[26.138s] -- Up-to-date symlink: /home/bose/dev_ws/src/my_bot/install/my_bot/local/lib/python3.10/dist-packages/my_bot-0.0.0-py3.10.egg-info/dependency_links.txt
[26.139s] -- Up-to-date symlink: /home/bose/dev_ws/src/my_bot/install/my_bot/local/lib/python3.10/dist-packages/my_bot-0.0.0-py3.10.egg-info/top_level.txt
[26.141s] -- Up-to-date symlink: /home/bose/dev_ws/src/my_bot/install/my_bot/local/lib/python3.10/dist-packages/my_bot/__init__.py
[26.143s] -- Up-to-date symlink: /home/bose/dev_ws/src/my_bot/install/my_bot/local/lib/python3.10/dist-packages/my_bot/diff_tf.py
[26.144s] -- Up-to-date symlink: /home/bose/dev_ws/src/my_bot/install/my_bot/share/my_bot/config/drive_ot.rviz
[26.145s] -- Symlinking: /home/bose/dev_ws/src/my_bot/install/my_bot/share/my_bot/config/ekf.yaml
[26.192s] -- Up-to-date symlink: /home/bose/dev_ws/src/my_bot/install/my_bot/share/my_bot/config/empty.yaml
[26.193s] -- Up-to-date symlink: /home/bose/dev_ws/src/my_bot/install/my_bot/share/my_bot/config/fastrtps.xml
[26.194s] -- Up-to-date symlink: /home/bose/dev_ws/src/my_bot/install/my_bot/share/my_bot/config/gazebo_params.yaml
[26.199s] -- Up-to-date symlink: /home/bose/dev_ws/src/my_bot/install/my_bot/share/my_bot/config/joystick.yaml
[26.200s] -- Up-to-date symlink: /home/bose/dev_ws/src/my_bot/install/my_bot/share/my_bot/config/mapper_params_online_async.yaml
[26.200s] -- Up-to-date symlink: /home/bose/dev_ws/src/my_bot/install/my_bot/share/my_bot/config/my_controllers.yaml
[26.201s] -- Symlinking: /home/bose/dev_ws/src/my_bot/install/my_bot/share/my_bot/config/nav2/nav2_params.yaml
[26.239s] -- Symlinking: /home/bose/dev_ws/src/my_bot/install/my_bot/share/my_bot/config/nav2/nav2_params.yaml.backup
[26.285s] -- Up-to-date symlink: /home/bose/dev_ws/src/my_bot/install/my_bot/share/my_bot/config/twist_mux.yaml
[26.286s] -- Up-to-date symlink: /home/bose/dev_ws/src/my_bot/install/my_bot/share/my_bot/config/view_bot.rviz
[26.288s] -- Up-to-date symlink: /home/bose/dev_ws/src/my_bot/install/my_bot/share/my_bot/description/camera.xacro
[26.289s] -- Up-to-date symlink: /home/bose/dev_ws/src/my_bot/install/my_bot/share/my_bot/description/gazebo_control.xacro
[26.290s] -- Up-to-date symlink: /home/bose/dev_ws/src/my_bot/install/my_bot/share/my_bot/description/inertial_macros.xacro
[26.290s] -- Up-to-date symlink: /home/bose/dev_ws/src/my_bot/install/my_bot/share/my_bot/description/lidar.xacro
[26.291s] -- Up-to-date symlink: /home/bose/dev_ws/src/my_bot/install/my_bot/share/my_bot/description/robot.urdf.xacro
[26.292s] -- Up-to-date symlink: /home/bose/dev_ws/src/my_bot/install/my_bot/share/my_bot/description/robot_core.xacro
[26.294s] -- Up-to-date symlink: /home/bose/dev_ws/src/my_bot/install/my_bot/share/my_bot/description/ros2_control.xacro
[26.296s] -- Symlinking: /home/bose/dev_ws/src/my_bot/install/my_bot/share/my_bot/launch/__pycache__/launch_robot.launch.cpython-310.pyc
[26.341s] -- Up-to-date symlink: /home/bose/dev_ws/src/my_bot/install/my_bot/share/my_bot/launch/camera.launch.py
[26.342s] -- Symlinking: /home/bose/dev_ws/src/my_bot/install/my_bot/share/my_bot/launch/diff_tf.launch.py
[26.388s] -- Up-to-date symlink: /home/bose/dev_ws/src/my_bot/install/my_bot/share/my_bot/launch/joystick.launch.py
[26.389s] -- Up-to-date symlink: /home/bose/dev_ws/src/my_bot/install/my_bot/share/my_bot/launch/launch_robot.launch.py
[26.390s] -- Up-to-date symlink: /home/bose/dev_ws/src/my_bot/install/my_bot/share/my_bot/launch/launch_sim.launch.py
[26.391s] -- Up-to-date symlink: /home/bose/dev_ws/src/my_bot/install/my_bot/share/my_bot/launch/rplidar.launch.py
[26.392s] -- Up-to-date symlink: /home/bose/dev_ws/src/my_bot/install/my_bot/share/my_bot/launch/rsp.launch.py
[26.393s] -- Symlinking: /home/bose/dev_ws/src/my_bot/install/my_bot/share/my_bot/launch/test_diff_tf.launch.py
[26.434s] -- Up-to-date symlink: /home/bose/dev_ws/src/my_bot/install/my_bot/share/my_bot/worlds/empty.world
[26.435s] -- Up-to-date symlink: /home/bose/dev_ws/src/my_bot/install/my_bot/share/my_bot/worlds/house.world
[26.435s] -- Up-to-date symlink: /home/bose/dev_ws/src/my_bot/install/my_bot/share/my_bot/worlds/lid.world
[26.436s] -- Up-to-date symlink: /home/bose/dev_ws/src/my_bot/install/my_bot/share/my_bot/worlds/lidar.world
[26.437s] -- Up-to-date symlink: /home/bose/dev_ws/src/my_bot/install/my_bot/share/my_bot/worlds/new.world
[26.438s] -- Up-to-date symlink: /home/bose/dev_ws/src/my_bot/install/my_bot/share/my_bot/worlds/obstacle.world
[26.440s] -- Symlinking: /home/bose/dev_ws/src/my_bot/install/my_bot/lib/my_bot/diff_tf.py
[26.481s] -- Symlinking: /home/bose/dev_ws/src/my_bot/install/my_bot/lib/my_bot/diff_tf
[26.523s] -- Up-to-date symlink: /home/bose/dev_ws/src/my_bot/install/my_bot/share/my_bot//my_bot.xml
[26.524s] -- Up-to-date symlink: /home/bose/dev_ws/src/my_bot/install/my_bot/share/my_bot/environment/library_path.sh
[26.525s] -- Up-to-date symlink: /home/bose/dev_ws/src/my_bot/install/my_bot/share/my_bot/environment/library_path.dsv
[26.526s] -- Up-to-date symlink: /home/bose/dev_ws/src/my_bot/install/my_bot/share/ament_index/resource_index/package_run_dependencies/my_bot
[26.527s] -- Up-to-date symlink: /home/bose/dev_ws/src/my_bot/install/my_bot/share/ament_index/resource_index/parent_prefix_path/my_bot
[26.528s] -- Up-to-date symlink: /home/bose/dev_ws/src/my_bot/install/my_bot/share/my_bot/environment/ament_prefix_path.sh
[26.529s] -- Up-to-date symlink: /home/bose/dev_ws/src/my_bot/install/my_bot/share/my_bot/environment/ament_prefix_path.dsv
[26.531s] -- Up-to-date symlink: /home/bose/dev_ws/src/my_bot/install/my_bot/share/my_bot/environment/path.sh
[26.532s] -- Up-to-date symlink: /home/bose/dev_ws/src/my_bot/install/my_bot/share/my_bot/environment/path.dsv
[26.533s] -- Up-to-date symlink: /home/bose/dev_ws/src/my_bot/install/my_bot/share/my_bot/local_setup.bash
[26.535s] -- Up-to-date symlink: /home/bose/dev_ws/src/my_bot/install/my_bot/share/my_bot/local_setup.sh
[26.536s] -- Up-to-date symlink: /home/bose/dev_ws/src/my_bot/install/my_bot/share/my_bot/local_setup.zsh
[26.537s] -- Up-to-date symlink: /home/bose/dev_ws/src/my_bot/install/my_bot/share/my_bot/local_setup.dsv
[26.537s] -- Symlinking: /home/bose/dev_ws/src/my_bot/install/my_bot/share/my_bot/package.dsv
[26.578s] -- Up-to-date symlink: /home/bose/dev_ws/src/my_bot/install/my_bot/share/ament_index/resource_index/packages/my_bot
[26.580s] -- Up-to-date symlink: /home/bose/dev_ws/src/my_bot/install/my_bot/share/ament_index/resource_index/hardware_interface__pluginlib__plugin/my_bot
[26.581s] -- Up-to-date symlink: /home/bose/dev_ws/src/my_bot/install/my_bot/share/my_bot/cmake/ament_cmake_export_include_directories-extras.cmake
[26.584s] -- Up-to-date symlink: /home/bose/dev_ws/src/my_bot/install/my_bot/share/my_bot/cmake/ament_cmake_export_libraries-extras.cmake
[26.584s] -- Up-to-date symlink: /home/bose/dev_ws/src/my_bot/install/my_bot/share/my_bot/cmake/ament_cmake_export_dependencies-extras.cmake
[26.586s] -- Up-to-date symlink: /home/bose/dev_ws/src/my_bot/install/my_bot/share/my_bot/cmake/my_botConfig.cmake
[26.588s] -- Up-to-date symlink: /home/bose/dev_ws/src/my_bot/install/my_bot/share/my_bot/cmake/my_botConfig-version.cmake
[26.589s] -- Up-to-date symlink: /home/bose/dev_ws/src/my_bot/install/my_bot/share/my_bot/package.xml
[26.791s] Listing '/home/bose/dev_ws/src/my_bot/install/my_bot/local/lib/python3.10/dist-packages/my_bot'...
[26.794s] Compiling '/home/bose/dev_ws/src/my_bot/install/my_bot/local/lib/python3.10/dist-packages/my_bot/diff_tf.py'...
[26.830s] Invoked command in '/home/bose/dev_ws/src/my_bot/build/my_bot' returned '0': CMAKE_PREFIX_PATH=${CMAKE_PREFIX_PATH}:/home/bose/ros2_ws/install/serial_motor_demo:/opt/ros/humble /usr/bin/cmake --install /home/bose/dev_ws/src/my_bot/build/my_bot
