[0.071s] Invoking command in '/home/bose/dev_ws/src/my_bot/build/my_bot': CMAKE_PREFIX_PATH=${CMAKE_PREFIX_PATH}:/home/bose/ros2_ws/install/serial_motor_demo:/opt/ros/humble /usr/bin/cmake /home/bose/dev_ws/src/my_bot -DCMAKE_INSTALL_PREFIX=/home/bose/dev_ws/src/my_bot/install/my_bot
[0.592s] -- Found ament_cmake: 1.3.11 (/opt/ros/humble/share/ament_cmake/cmake)
[1.339s] -- Override CMake install command with custom implementation using symlinks instead of copying resources
[1.457s] -- Found hardware_interface: 2.49.0 (/opt/ros/humble/share/hardware_interface/cmake)
[1.701s] -- Found rosidl_generator_c: 3.1.6 (/opt/ros/humble/share/rosidl_generator_c/cmake)
[1.720s] -- Found rosidl_adapter: 3.1.6 (/opt/ros/humble/share/rosidl_adapter/cmake)
[1.763s] -- Found rosidl_generator_cpp: 3.1.6 (/opt/ros/humble/share/rosidl_generator_cpp/cmake)
[1.824s] -- Using all available rosidl_typesupport_c: rosidl_typesupport_fastrtps_c;rosidl_typesupport_introspection_c
[1.905s] -- Using all available rosidl_typesupport_cpp: rosidl_typesupport_fastrtps_cpp;rosidl_typesupport_introspection_cpp
[3.024s] -- Found rmw_implementation_cmake: 6.1.2 (/opt/ros/humble/share/rmw_implementation_cmake/cmake)
[3.039s] -- Found rmw_cyclonedds_cpp: 1.3.4 (/opt/ros/humble/share/rmw_cyclonedds_cpp/cmake)
[3.165s] -- Using RMW implementation 'rmw_cyclonedds_cpp' as default
[4.231s] -- Configuring done
[4.601s] -- Generating done
[4.637s] -- Build files have been written to: /home/bose/dev_ws/src/my_bot/build/my_bot
[4.733s] Invoked command in '/home/bose/dev_ws/src/my_bot/build/my_bot' returned '0': CMAKE_PREFIX_PATH=${CMAKE_PREFIX_PATH}:/home/bose/ros2_ws/install/serial_motor_demo:/opt/ros/humble /usr/bin/cmake /home/bose/dev_ws/src/my_bot -DCMAKE_INSTALL_PREFIX=/home/bose/dev_ws/src/my_bot/install/my_bot
[4.749s] Invoking command in '/home/bose/dev_ws/src/my_bot/build/my_bot': CMAKE_PREFIX_PATH=${CMAKE_PREFIX_PATH}:/home/bose/ros2_ws/install/serial_motor_demo:/opt/ros/humble /usr/bin/cmake --build /home/bose/dev_ws/src/my_bot/build/my_bot -- -j4 -l4
[5.009s] [35m[1mConsolidate compiler generated dependencies of target my_bot[0m
[5.101s] [  0%] Built target ament_cmake_python_symlink_my_bot
[5.158s] [100%] Built target my_bot
[6.392s] running egg_info
[6.396s] writing my_bot.egg-info/PKG-INFO
[6.398s] writing dependency_links to my_bot.egg-info/dependency_links.txt
[6.399s] writing top-level names to my_bot.egg-info/top_level.txt
[6.411s] reading manifest file 'my_bot.egg-info/SOURCES.txt'
[6.415s] writing manifest file 'my_bot.egg-info/SOURCES.txt'
[6.551s] [100%] Built target ament_cmake_python_build_my_bot_egg
[6.600s] Invoked command in '/home/bose/dev_ws/src/my_bot/build/my_bot' returned '0': CMAKE_PREFIX_PATH=${CMAKE_PREFIX_PATH}:/home/bose/ros2_ws/install/serial_motor_demo:/opt/ros/humble /usr/bin/cmake --build /home/bose/dev_ws/src/my_bot/build/my_bot -- -j4 -l4
[6.647s] Invoking command in '/home/bose/dev_ws/src/my_bot/build/my_bot': CMAKE_PREFIX_PATH=${CMAKE_PREFIX_PATH}:/home/bose/ros2_ws/install/serial_motor_demo:/opt/ros/humble /usr/bin/cmake --install /home/bose/dev_ws/src/my_bot/build/my_bot
[6.684s] -- Install configuration: ""
[6.686s] -- Execute custom install script
[6.687s] -- Up-to-date symlink: /home/bose/dev_ws/src/my_bot/install/my_bot/lib/libmy_bot.so
[6.689s] -- Up-to-date symlink: /home/bose/dev_ws/src/my_bot/install/my_bot/include/my_bot/arduino_comms.hpp
[6.690s] -- Up-to-date symlink: /home/bose/dev_ws/src/my_bot/install/my_bot/include/my_bot/diffbot_system.hpp
[6.691s] -- Up-to-date symlink: /home/bose/dev_ws/src/my_bot/install/my_bot/include/my_bot/visibility_control.h
[6.692s] -- Up-to-date symlink: /home/bose/dev_ws/src/my_bot/install/my_bot/include/my_bot/wheel.hpp
[6.693s] -- Up-to-date symlink: /home/bose/dev_ws/src/my_bot/install/my_bot/share/my_bot/environment/pythonpath.sh
[6.694s] -- Up-to-date symlink: /home/bose/dev_ws/src/my_bot/install/my_bot/share/my_bot/environment/pythonpath.dsv
[6.696s] -- Up-to-date symlink: /home/bose/dev_ws/src/my_bot/install/my_bot/local/lib/python3.10/dist-packages/my_bot-0.0.0-py3.10.egg-info/PKG-INFO
[6.698s] -- Up-to-date symlink: /home/bose/dev_ws/src/my_bot/install/my_bot/local/lib/python3.10/dist-packages/my_bot-0.0.0-py3.10.egg-info/SOURCES.txt
[6.700s] -- Up-to-date symlink: /home/bose/dev_ws/src/my_bot/install/my_bot/local/lib/python3.10/dist-packages/my_bot-0.0.0-py3.10.egg-info/dependency_links.txt
[6.701s] -- Up-to-date symlink: /home/bose/dev_ws/src/my_bot/install/my_bot/local/lib/python3.10/dist-packages/my_bot-0.0.0-py3.10.egg-info/top_level.txt
[6.701s] -- Up-to-date symlink: /home/bose/dev_ws/src/my_bot/install/my_bot/local/lib/python3.10/dist-packages/my_bot/__init__.py
[6.703s] -- Up-to-date symlink: /home/bose/dev_ws/src/my_bot/install/my_bot/local/lib/python3.10/dist-packages/my_bot/diff_tf.py
[6.704s] -- Up-to-date symlink: /home/bose/dev_ws/src/my_bot/install/my_bot/share/my_bot/config/drive_ot.rviz
[6.705s] -- Up-to-date symlink: /home/bose/dev_ws/src/my_bot/install/my_bot/share/my_bot/config/empty.yaml
[6.706s] -- Up-to-date symlink: /home/bose/dev_ws/src/my_bot/install/my_bot/share/my_bot/config/fastrtps.xml
[6.707s] -- Up-to-date symlink: /home/bose/dev_ws/src/my_bot/install/my_bot/share/my_bot/config/gazebo_params.yaml
[6.707s] -- Up-to-date symlink: /home/bose/dev_ws/src/my_bot/install/my_bot/share/my_bot/config/joystick.yaml
[6.708s] -- Up-to-date symlink: /home/bose/dev_ws/src/my_bot/install/my_bot/share/my_bot/config/mapper_params_online_async.yaml
[6.709s] -- Up-to-date symlink: /home/bose/dev_ws/src/my_bot/install/my_bot/share/my_bot/config/my_controllers.yaml
[6.709s] -- Up-to-date symlink: /home/bose/dev_ws/src/my_bot/install/my_bot/share/my_bot/config/twist_mux.yaml
[6.710s] -- Up-to-date symlink: /home/bose/dev_ws/src/my_bot/install/my_bot/share/my_bot/config/view_bot.rviz
[6.712s] -- Up-to-date symlink: /home/bose/dev_ws/src/my_bot/install/my_bot/share/my_bot/description/camera.xacro
[6.713s] -- Up-to-date symlink: /home/bose/dev_ws/src/my_bot/install/my_bot/share/my_bot/description/gazebo_control.xacro
[6.713s] -- Up-to-date symlink: /home/bose/dev_ws/src/my_bot/install/my_bot/share/my_bot/description/inertial_macros.xacro
[6.714s] -- Up-to-date symlink: /home/bose/dev_ws/src/my_bot/install/my_bot/share/my_bot/description/lidar.xacro
[6.715s] -- Up-to-date symlink: /home/bose/dev_ws/src/my_bot/install/my_bot/share/my_bot/description/robot.urdf.xacro
[6.716s] -- Up-to-date symlink: /home/bose/dev_ws/src/my_bot/install/my_bot/share/my_bot/description/robot_core.xacro
[6.716s] -- Up-to-date symlink: /home/bose/dev_ws/src/my_bot/install/my_bot/share/my_bot/description/ros2_control.xacro
[6.718s] -- Up-to-date symlink: /home/bose/dev_ws/src/my_bot/install/my_bot/share/my_bot/launch/camera.launch.py
[6.719s] -- Up-to-date symlink: /home/bose/dev_ws/src/my_bot/install/my_bot/share/my_bot/launch/joystick.launch.py
[6.720s] -- Up-to-date symlink: /home/bose/dev_ws/src/my_bot/install/my_bot/share/my_bot/launch/launch_robot.launch.py
[6.722s] -- Up-to-date symlink: /home/bose/dev_ws/src/my_bot/install/my_bot/share/my_bot/launch/launch_sim.launch.py
[6.724s] -- Up-to-date symlink: /home/bose/dev_ws/src/my_bot/install/my_bot/share/my_bot/launch/rplidar.launch.py
[6.725s] -- Up-to-date symlink: /home/bose/dev_ws/src/my_bot/install/my_bot/share/my_bot/launch/rsp.launch.py
[6.725s] -- Up-to-date symlink: /home/bose/dev_ws/src/my_bot/install/my_bot/share/my_bot/worlds/empty.world
[6.726s] -- Up-to-date symlink: /home/bose/dev_ws/src/my_bot/install/my_bot/share/my_bot/worlds/house.world
[6.726s] -- Up-to-date symlink: /home/bose/dev_ws/src/my_bot/install/my_bot/share/my_bot/worlds/lid.world
[6.727s] -- Up-to-date symlink: /home/bose/dev_ws/src/my_bot/install/my_bot/share/my_bot/worlds/lidar.world
[6.727s] -- Up-to-date symlink: /home/bose/dev_ws/src/my_bot/install/my_bot/share/my_bot/worlds/new.world
[6.728s] -- Up-to-date symlink: /home/bose/dev_ws/src/my_bot/install/my_bot/share/my_bot/worlds/obstacle.world
[6.728s] -- Up-to-date symlink: /home/bose/dev_ws/src/my_bot/install/my_bot/share/my_bot//my_bot.xml
[6.729s] -- Up-to-date symlink: /home/bose/dev_ws/src/my_bot/install/my_bot/share/my_bot/environment/library_path.sh
[6.730s] -- Up-to-date symlink: /home/bose/dev_ws/src/my_bot/install/my_bot/share/my_bot/environment/library_path.dsv
[6.731s] -- Up-to-date symlink: /home/bose/dev_ws/src/my_bot/install/my_bot/share/ament_index/resource_index/package_run_dependencies/my_bot
[6.732s] -- Up-to-date symlink: /home/bose/dev_ws/src/my_bot/install/my_bot/share/ament_index/resource_index/parent_prefix_path/my_bot
[6.733s] -- Up-to-date symlink: /home/bose/dev_ws/src/my_bot/install/my_bot/share/my_bot/environment/ament_prefix_path.sh
[6.735s] -- Up-to-date symlink: /home/bose/dev_ws/src/my_bot/install/my_bot/share/my_bot/environment/ament_prefix_path.dsv
[6.736s] -- Up-to-date symlink: /home/bose/dev_ws/src/my_bot/install/my_bot/share/my_bot/environment/path.sh
[6.737s] -- Up-to-date symlink: /home/bose/dev_ws/src/my_bot/install/my_bot/share/my_bot/environment/path.dsv
[6.738s] -- Up-to-date symlink: /home/bose/dev_ws/src/my_bot/install/my_bot/share/my_bot/local_setup.bash
[6.739s] -- Up-to-date symlink: /home/bose/dev_ws/src/my_bot/install/my_bot/share/my_bot/local_setup.sh
[6.740s] -- Up-to-date symlink: /home/bose/dev_ws/src/my_bot/install/my_bot/share/my_bot/local_setup.zsh
[6.741s] -- Up-to-date symlink: /home/bose/dev_ws/src/my_bot/install/my_bot/share/my_bot/local_setup.dsv
[6.741s] -- Symlinking: /home/bose/dev_ws/src/my_bot/install/my_bot/share/my_bot/package.dsv
[6.781s] -- Up-to-date symlink: /home/bose/dev_ws/src/my_bot/install/my_bot/share/ament_index/resource_index/packages/my_bot
[6.782s] -- Up-to-date symlink: /home/bose/dev_ws/src/my_bot/install/my_bot/share/ament_index/resource_index/hardware_interface__pluginlib__plugin/my_bot
[6.783s] -- Up-to-date symlink: /home/bose/dev_ws/src/my_bot/install/my_bot/share/my_bot/cmake/ament_cmake_export_include_directories-extras.cmake
[6.784s] -- Up-to-date symlink: /home/bose/dev_ws/src/my_bot/install/my_bot/share/my_bot/cmake/ament_cmake_export_libraries-extras.cmake
[6.785s] -- Up-to-date symlink: /home/bose/dev_ws/src/my_bot/install/my_bot/share/my_bot/cmake/ament_cmake_export_dependencies-extras.cmake
[6.786s] -- Up-to-date symlink: /home/bose/dev_ws/src/my_bot/install/my_bot/share/my_bot/cmake/my_botConfig.cmake
[6.787s] -- Up-to-date symlink: /home/bose/dev_ws/src/my_bot/install/my_bot/share/my_bot/cmake/my_botConfig-version.cmake
[6.789s] -- Up-to-date symlink: /home/bose/dev_ws/src/my_bot/install/my_bot/share/my_bot/package.xml
[6.982s] Listing '/home/bose/dev_ws/src/my_bot/install/my_bot/local/lib/python3.10/dist-packages/my_bot'...
[6.985s] Compiling '/home/bose/dev_ws/src/my_bot/install/my_bot/local/lib/python3.10/dist-packages/my_bot/diff_tf.py'...
[7.014s] -- Installing: /home/bose/dev_ws/src/my_bot/install/my_bot/lib/my_bot/diff_tf
[7.023s] Invoked command in '/home/bose/dev_ws/src/my_bot/build/my_bot' returned '0': CMAKE_PREFIX_PATH=${CMAKE_PREFIX_PATH}:/home/bose/ros2_ws/install/serial_motor_demo:/opt/ros/humble /usr/bin/cmake --install /home/bose/dev_ws/src/my_bot/build/my_bot
