[0.519s] DEBUG:colcon:Command line arguments: ['/usr/bin/colcon', 'build', '--packages-select', 'my_bot']
[0.520s] DEBUG:colcon:Parsed command line arguments: Namespace(log_base=None, log_level=None, verb_name='build', build_base='build', install_base='install', merge_install=False, symlink_install=False, test_result_base=None, continue_on_error=False, executor='parallel', parallel_workers=4, event_handlers=None, ignore_user_meta=False, metas=['./colcon.meta'], base_paths=['.'], packages_ignore=None, packages_ignore_regex=None, paths=None, packages_up_to=None, packages_up_to_regex=None, packages_above=None, packages_above_and_dependencies=None, packages_above_depth=None, packages_select_by_dep=None, packages_skip_by_dep=None, packages_skip_up_to=None, packages_select_build_failed=False, packages_skip_build_finished=False, packages_select_test_failures=False, packages_skip_test_passed=False, packages_select=['my_bot'], packages_skip=None, packages_select_regex=None, packages_skip_regex=None, packages_start=None, packages_end=None, allow_overriding=[], cmake_args=None, cmake_target=None, cmake_target_skip_unavailable=False, cmake_clean_cache=False, cmake_clean_first=False, cmake_force_configure=False, ament_cmake_args=None, catkin_cmake_args=None, catkin_skip_building_tests=False, verb_parser=<colcon_defaults.argument_parser.defaults.DefaultArgumentsDecorator object at 0xffff82131150>, verb_extension=<colcon_core.verb.build.BuildVerb object at 0xffff82130d00>, main=<bound method BuildVerb.main of <colcon_core.verb.build.BuildVerb object at 0xffff82130d00>>)
[2.078s] Level 1:colcon.colcon_core.package_discovery:discover_packages(colcon_meta) check parameters
[2.079s] Level 1:colcon.colcon_core.package_discovery:discover_packages(recursive) check parameters
[2.080s] Level 1:colcon.colcon_core.package_discovery:discover_packages(ignore) check parameters
[2.080s] Level 1:colcon.colcon_core.package_discovery:discover_packages(path) check parameters
[2.080s] Level 1:colcon.colcon_core.package_discovery:discover_packages(colcon_meta) discover
[2.081s] Level 1:colcon.colcon_core.package_discovery:discover_packages(recursive) discover
[2.081s] INFO:colcon.colcon_core.package_discovery:Crawling recursively for packages in '/home/bose/dev_ws/src/my_bot'
[2.083s] Level 1:colcon.colcon_core.package_identification:_identify(.) by extensions ['ignore', 'ignore_ament_install']
[2.084s] Level 1:colcon.colcon_core.package_identification:_identify(.) by extension 'ignore'
[2.084s] Level 1:colcon.colcon_core.package_identification:_identify(.) by extension 'ignore_ament_install'
[2.085s] Level 1:colcon.colcon_core.package_identification:_identify(.) by extensions ['colcon_pkg']
[2.085s] Level 1:colcon.colcon_core.package_identification:_identify(.) by extension 'colcon_pkg'
[2.086s] Level 1:colcon.colcon_core.package_identification:_identify(.) by extensions ['colcon_meta']
[2.086s] Level 1:colcon.colcon_core.package_identification:_identify(.) by extension 'colcon_meta'
[2.086s] Level 1:colcon.colcon_core.package_identification:_identify(.) by extensions ['ros']
[2.087s] Level 1:colcon.colcon_core.package_identification:_identify(.) by extension 'ros'
[2.169s] DEBUG:colcon.colcon_core.package_identification:Package '.' with type 'ros.ament_cmake' and name 'my_bot'
[2.169s] Level 1:colcon.colcon_core.package_discovery:discover_packages(recursive) using defaults
[2.169s] Level 1:colcon.colcon_core.package_discovery:discover_packages(ignore) discover
[2.170s] Level 1:colcon.colcon_core.package_discovery:discover_packages(ignore) using defaults
[2.170s] Level 1:colcon.colcon_core.package_discovery:discover_packages(path) discover
[2.170s] Level 1:colcon.colcon_core.package_discovery:discover_packages(path) using defaults
[2.358s] Level 1:colcon.colcon_core.package_discovery:discover_packages(prefix_path) check parameters
[2.359s] Level 1:colcon.colcon_core.package_discovery:discover_packages(prefix_path) discover
[2.372s] WARNING:colcon.colcon_ros.prefix_path.ament:The path '/home/bose/dev_ws/src/my_bot/install/my_bot' in the environment variable AMENT_PREFIX_PATH doesn't exist
[2.374s] WARNING:colcon.colcon_ros.prefix_path.catkin:The path '/home/bose/dev_ws/src/my_bot/install/my_bot' in the environment variable CMAKE_PREFIX_PATH doesn't exist
[2.382s] DEBUG:colcon.colcon_installed_package_information.package_discovery:Found 3 installed packages in /home/bose/ros2_ws/install
[2.393s] DEBUG:colcon.colcon_installed_package_information.package_discovery:Found 3 installed packages in /home/bose/dev_ws/install
[2.397s] DEBUG:colcon.colcon_installed_package_information.package_discovery:Found 1 installed packages in /home/bose/install
[2.405s] DEBUG:colcon.colcon_installed_package_information.package_discovery:Found 0 installed packages in /home/bose/dev_ws/src/my_bot/install
[2.417s] DEBUG:colcon.colcon_installed_package_information.package_discovery:Found 333 installed packages in /opt/ros/humble
[2.427s] Level 1:colcon.colcon_core.package_discovery:discover_packages(prefix_path) using defaults
[2.836s] Level 5:colcon.colcon_core.verb:set package 'my_bot' build argument 'cmake_args' from command line to 'None'
[2.837s] Level 5:colcon.colcon_core.verb:set package 'my_bot' build argument 'cmake_target' from command line to 'None'
[2.837s] Level 5:colcon.colcon_core.verb:set package 'my_bot' build argument 'cmake_target_skip_unavailable' from command line to 'False'
[2.837s] Level 5:colcon.colcon_core.verb:set package 'my_bot' build argument 'cmake_clean_cache' from command line to 'False'
[2.838s] Level 5:colcon.colcon_core.verb:set package 'my_bot' build argument 'cmake_clean_first' from command line to 'False'
[2.838s] Level 5:colcon.colcon_core.verb:set package 'my_bot' build argument 'cmake_force_configure' from command line to 'False'
[2.839s] Level 5:colcon.colcon_core.verb:set package 'my_bot' build argument 'ament_cmake_args' from command line to 'None'
[2.839s] Level 5:colcon.colcon_core.verb:set package 'my_bot' build argument 'catkin_cmake_args' from command line to 'None'
[2.840s] Level 5:colcon.colcon_core.verb:set package 'my_bot' build argument 'catkin_skip_building_tests' from command line to 'False'
[2.840s] DEBUG:colcon.colcon_core.verb:Building package 'my_bot' with the following arguments: {'ament_cmake_args': None, 'build_base': '/home/bose/dev_ws/src/my_bot/build/my_bot', 'catkin_cmake_args': None, 'catkin_skip_building_tests': False, 'cmake_args': None, 'cmake_clean_cache': False, 'cmake_clean_first': False, 'cmake_force_configure': False, 'cmake_target': None, 'cmake_target_skip_unavailable': False, 'install_base': '/home/bose/dev_ws/src/my_bot/install/my_bot', 'merge_install': False, 'path': '/home/bose/dev_ws/src/my_bot', 'symlink_install': False, 'test_result_base': None}
[2.842s] INFO:colcon.colcon_core.executor:Executing jobs using 'parallel' executor
[2.852s] DEBUG:colcon.colcon_parallel_executor.executor.parallel:run_until_complete
[2.854s] INFO:colcon.colcon_ros.task.ament_cmake.build:Building ROS package in '/home/bose/dev_ws/src/my_bot' with build type 'ament_cmake'
[2.855s] INFO:colcon.colcon_cmake.task.cmake.build:Building CMake package in '/home/bose/dev_ws/src/my_bot'
[2.881s] INFO:colcon.colcon_core.plugin_system:Skipping extension 'colcon_core.shell.bat': Not used on non-Windows systems
[2.882s] INFO:colcon.colcon_core.shell:Skip shell extension 'powershell' for command environment: Not usable outside of PowerShell
[2.883s] DEBUG:colcon.colcon_core.shell:Skip shell extension 'dsv' for command environment
[2.966s] DEBUG:colcon.colcon_core.event_handler.log_command:Invoking command in '/home/bose/dev_ws/src/my_bot/build/my_bot': CMAKE_PREFIX_PATH=${CMAKE_PREFIX_PATH}:/home/bose/ros2_ws/install/serial_motor_demo:/opt/ros/humble /usr/bin/cmake /home/bose/dev_ws/src/my_bot -DCMAKE_INSTALL_PREFIX=/home/bose/dev_ws/src/my_bot/install/my_bot
[14.847s] DEBUG:colcon.colcon_core.event_handler.log_command:Invoked command in '/home/bose/dev_ws/src/my_bot/build/my_bot' returned '0': CMAKE_PREFIX_PATH=${CMAKE_PREFIX_PATH}:/home/bose/ros2_ws/install/serial_motor_demo:/opt/ros/humble /usr/bin/cmake /home/bose/dev_ws/src/my_bot -DCMAKE_INSTALL_PREFIX=/home/bose/dev_ws/src/my_bot/install/my_bot
[14.860s] DEBUG:colcon.colcon_core.event_handler.log_command:Invoking command in '/home/bose/dev_ws/src/my_bot/build/my_bot': CMAKE_PREFIX_PATH=${CMAKE_PREFIX_PATH}:/home/bose/ros2_ws/install/serial_motor_demo:/opt/ros/humble /usr/bin/cmake --build /home/bose/dev_ws/src/my_bot/build/my_bot -- -j4 -l4
[33.269s] DEBUG:colcon.colcon_core.event_handler.log_command:Invoked command in '/home/bose/dev_ws/src/my_bot/build/my_bot' returned '0': CMAKE_PREFIX_PATH=${CMAKE_PREFIX_PATH}:/home/bose/ros2_ws/install/serial_motor_demo:/opt/ros/humble /usr/bin/cmake --build /home/bose/dev_ws/src/my_bot/build/my_bot -- -j4 -l4
[33.326s] DEBUG:colcon.colcon_core.event_handler.log_command:Invoking command in '/home/bose/dev_ws/src/my_bot/build/my_bot': CMAKE_PREFIX_PATH=${CMAKE_PREFIX_PATH}:/home/bose/ros2_ws/install/serial_motor_demo:/opt/ros/humble /usr/bin/cmake --install /home/bose/dev_ws/src/my_bot/build/my_bot
[33.453s] Level 1:colcon.colcon_core.environment:create_environment_scripts_only(my_bot)
[33.455s] DEBUG:colcon.colcon_core.event_handler.log_command:Invoked command in '/home/bose/dev_ws/src/my_bot/build/my_bot' returned '0': CMAKE_PREFIX_PATH=${CMAKE_PREFIX_PATH}:/home/bose/ros2_ws/install/serial_motor_demo:/opt/ros/humble /usr/bin/cmake --install /home/bose/dev_ws/src/my_bot/build/my_bot
[33.464s] Level 1:colcon.colcon_core.environment:checking '/home/bose/dev_ws/src/my_bot/install/my_bot' for CMake module files
[33.467s] Level 1:colcon.colcon_core.environment:checking '/home/bose/dev_ws/src/my_bot/install/my_bot' for CMake config files
[33.469s] Level 1:colcon.colcon_core.shell:create_environment_hook('my_bot', 'cmake_prefix_path')
[33.470s] INFO:colcon.colcon_core.shell:Creating environment hook '/home/bose/dev_ws/src/my_bot/install/my_bot/share/my_bot/hook/cmake_prefix_path.ps1'
[33.473s] INFO:colcon.colcon_core.shell:Creating environment descriptor '/home/bose/dev_ws/src/my_bot/install/my_bot/share/my_bot/hook/cmake_prefix_path.dsv'
[33.475s] INFO:colcon.colcon_core.shell:Creating environment hook '/home/bose/dev_ws/src/my_bot/install/my_bot/share/my_bot/hook/cmake_prefix_path.sh'
[33.479s] Level 1:colcon.colcon_core.environment:checking '/home/bose/dev_ws/src/my_bot/install/my_bot/lib'
[33.479s] Level 1:colcon.colcon_core.shell:create_environment_hook('my_bot', 'ld_library_path_lib')
[33.480s] INFO:colcon.colcon_core.shell:Creating environment hook '/home/bose/dev_ws/src/my_bot/install/my_bot/share/my_bot/hook/ld_library_path_lib.ps1'
[33.482s] INFO:colcon.colcon_core.shell:Creating environment descriptor '/home/bose/dev_ws/src/my_bot/install/my_bot/share/my_bot/hook/ld_library_path_lib.dsv'
[33.483s] INFO:colcon.colcon_core.shell:Creating environment hook '/home/bose/dev_ws/src/my_bot/install/my_bot/share/my_bot/hook/ld_library_path_lib.sh'
[33.485s] Level 1:colcon.colcon_core.environment:checking '/home/bose/dev_ws/src/my_bot/install/my_bot/bin'
[33.485s] Level 1:colcon.colcon_core.environment:checking '/home/bose/dev_ws/src/my_bot/install/my_bot/lib/pkgconfig/my_bot.pc'
[33.486s] Level 1:colcon.colcon_core.environment:checking '/home/bose/dev_ws/src/my_bot/install/my_bot/lib/python3.10/site-packages'
[33.487s] Level 1:colcon.colcon_core.environment:checking '/home/bose/dev_ws/src/my_bot/install/my_bot/bin'
[33.488s] INFO:colcon.colcon_core.shell:Creating package script '/home/bose/dev_ws/src/my_bot/install/my_bot/share/my_bot/package.ps1'
[33.492s] INFO:colcon.colcon_core.shell:Creating package descriptor '/home/bose/dev_ws/src/my_bot/install/my_bot/share/my_bot/package.dsv'
[33.495s] INFO:colcon.colcon_core.shell:Creating package script '/home/bose/dev_ws/src/my_bot/install/my_bot/share/my_bot/package.sh'
[33.498s] INFO:colcon.colcon_core.shell:Creating package script '/home/bose/dev_ws/src/my_bot/install/my_bot/share/my_bot/package.bash'
[33.502s] INFO:colcon.colcon_core.shell:Creating package script '/home/bose/dev_ws/src/my_bot/install/my_bot/share/my_bot/package.zsh'
[33.505s] Level 1:colcon.colcon_core.environment:create_file_with_runtime_dependencies(/home/bose/dev_ws/src/my_bot/install/my_bot/share/colcon-core/packages/my_bot)
[33.509s] Level 1:colcon.colcon_core.environment:create_environment_scripts_only(my_bot)
[33.510s] Level 1:colcon.colcon_core.environment:checking '/home/bose/dev_ws/src/my_bot/install/my_bot' for CMake module files
[33.514s] Level 1:colcon.colcon_core.environment:checking '/home/bose/dev_ws/src/my_bot/install/my_bot' for CMake config files
[33.517s] Level 1:colcon.colcon_core.shell:create_environment_hook('my_bot', 'cmake_prefix_path')
[33.518s] INFO:colcon.colcon_core.shell:Creating environment hook '/home/bose/dev_ws/src/my_bot/install/my_bot/share/my_bot/hook/cmake_prefix_path.ps1'
[33.521s] INFO:colcon.colcon_core.shell:Creating environment descriptor '/home/bose/dev_ws/src/my_bot/install/my_bot/share/my_bot/hook/cmake_prefix_path.dsv'
[33.523s] INFO:colcon.colcon_core.shell:Creating environment hook '/home/bose/dev_ws/src/my_bot/install/my_bot/share/my_bot/hook/cmake_prefix_path.sh'
[33.526s] Level 1:colcon.colcon_core.environment:checking '/home/bose/dev_ws/src/my_bot/install/my_bot/lib'
[33.527s] Level 1:colcon.colcon_core.shell:create_environment_hook('my_bot', 'ld_library_path_lib')
[33.528s] INFO:colcon.colcon_core.shell:Creating environment hook '/home/bose/dev_ws/src/my_bot/install/my_bot/share/my_bot/hook/ld_library_path_lib.ps1'
[33.530s] INFO:colcon.colcon_core.shell:Creating environment descriptor '/home/bose/dev_ws/src/my_bot/install/my_bot/share/my_bot/hook/ld_library_path_lib.dsv'
[33.533s] INFO:colcon.colcon_core.shell:Creating environment hook '/home/bose/dev_ws/src/my_bot/install/my_bot/share/my_bot/hook/ld_library_path_lib.sh'
[33.535s] Level 1:colcon.colcon_core.environment:checking '/home/bose/dev_ws/src/my_bot/install/my_bot/bin'
[33.536s] Level 1:colcon.colcon_core.environment:checking '/home/bose/dev_ws/src/my_bot/install/my_bot/lib/pkgconfig/my_bot.pc'
[33.537s] Level 1:colcon.colcon_core.environment:checking '/home/bose/dev_ws/src/my_bot/install/my_bot/lib/python3.10/site-packages'
[33.538s] Level 1:colcon.colcon_core.environment:checking '/home/bose/dev_ws/src/my_bot/install/my_bot/bin'
[33.539s] INFO:colcon.colcon_core.shell:Creating package script '/home/bose/dev_ws/src/my_bot/install/my_bot/share/my_bot/package.ps1'
[33.543s] INFO:colcon.colcon_core.shell:Creating package descriptor '/home/bose/dev_ws/src/my_bot/install/my_bot/share/my_bot/package.dsv'
[33.548s] INFO:colcon.colcon_core.shell:Creating package script '/home/bose/dev_ws/src/my_bot/install/my_bot/share/my_bot/package.sh'
[33.552s] INFO:colcon.colcon_core.shell:Creating package script '/home/bose/dev_ws/src/my_bot/install/my_bot/share/my_bot/package.bash'
[33.555s] INFO:colcon.colcon_core.shell:Creating package script '/home/bose/dev_ws/src/my_bot/install/my_bot/share/my_bot/package.zsh'
[33.558s] Level 1:colcon.colcon_core.environment:create_file_with_runtime_dependencies(/home/bose/dev_ws/src/my_bot/install/my_bot/share/colcon-core/packages/my_bot)
[33.560s] DEBUG:colcon.colcon_parallel_executor.executor.parallel:closing loop
[33.561s] DEBUG:colcon.colcon_parallel_executor.executor.parallel:loop closed
[33.562s] DEBUG:colcon.colcon_parallel_executor.executor.parallel:run_until_complete finished with '0'
[33.562s] DEBUG:colcon.colcon_core.event_reactor:joining thread
[33.593s] INFO:colcon.colcon_core.plugin_system:Skipping extension 'colcon_notification.desktop_notification.terminal_notifier': Not used on non-Darwin systems
[33.593s] INFO:colcon.colcon_core.plugin_system:Skipping extension 'colcon_notification.desktop_notification.win32': Not used on non-Windows systems
[33.594s] INFO:colcon.colcon_notification.desktop_notification:Sending desktop notification using 'notify2'
[33.671s] DEBUG:colcon.colcon_core.event_reactor:joined thread
[33.672s] INFO:colcon.colcon_core.shell:Creating prefix script '/home/bose/dev_ws/src/my_bot/install/local_setup.ps1'
[33.677s] INFO:colcon.colcon_core.shell:Creating prefix util module '/home/bose/dev_ws/src/my_bot/install/_local_setup_util_ps1.py'
[33.685s] INFO:colcon.colcon_core.shell:Creating prefix chain script '/home/bose/dev_ws/src/my_bot/install/setup.ps1'
[33.696s] INFO:colcon.colcon_core.shell:Creating prefix script '/home/bose/dev_ws/src/my_bot/install/local_setup.sh'
[33.700s] INFO:colcon.colcon_core.shell:Creating prefix util module '/home/bose/dev_ws/src/my_bot/install/_local_setup_util_sh.py'
[33.703s] INFO:colcon.colcon_core.shell:Creating prefix chain script '/home/bose/dev_ws/src/my_bot/install/setup.sh'
[33.712s] INFO:colcon.colcon_core.shell:Creating prefix script '/home/bose/dev_ws/src/my_bot/install/local_setup.bash'
[33.715s] INFO:colcon.colcon_core.shell:Creating prefix chain script '/home/bose/dev_ws/src/my_bot/install/setup.bash'
[33.723s] INFO:colcon.colcon_core.shell:Creating prefix script '/home/bose/dev_ws/src/my_bot/install/local_setup.zsh'
[33.725s] INFO:colcon.colcon_core.shell:Creating prefix chain script '/home/bose/dev_ws/src/my_bot/install/setup.zsh'
