-- Found ament_cmake: 1.3.11 (/opt/ros/humble/share/ament_cmake/cmake)
-- Override CMake install command with custom implementation using symlinks instead of copying resources
-- Found hardware_interface: 2.49.0 (/opt/ros/humble/share/hardware_interface/cmake)
-- Found rosidl_generator_c: 3.1.6 (/opt/ros/humble/share/rosidl_generator_c/cmake)
-- Found rosidl_adapter: 3.1.6 (/opt/ros/humble/share/rosidl_adapter/cmake)
-- Found rosidl_generator_cpp: 3.1.6 (/opt/ros/humble/share/rosidl_generator_cpp/cmake)
-- Using all available rosidl_typesupport_c: rosidl_typesupport_fastrtps_c;rosidl_typesupport_introspection_c
-- Using all available rosidl_typesupport_cpp: rosidl_typesupport_fastrtps_cpp;rosidl_typesupport_introspection_cpp
-- Found rmw_implementation_cmake: 6.1.2 (/opt/ros/humble/share/rmw_implementation_cmake/cmake)
-- Found rmw_cyclonedds_cpp: 1.3.4 (/opt/ros/humble/share/rmw_cyclonedds_cpp/cmake)
-- Using RMW implementation 'rmw_cyclonedds_cpp' as default
-- Configuring done
-- Generating done
-- Build files have been written to: /home/bose/dev_ws/src/my_bot/build/my_bot
[35m[1mConsolidate compiler generated dependencies of target my_bot[0m
[  0%] Built target ament_cmake_python_symlink_my_bot
[ 50%] [32m[1mLinking CXX shared library libmy_bot.so[0m
[100%] Built target my_bot
running egg_info
creating my_bot.egg-info
writing my_bot.egg-info/PKG-INFO
writing dependency_links to my_bot.egg-info/dependency_links.txt
writing top-level names to my_bot.egg-info/top_level.txt
writing manifest file 'my_bot.egg-info/SOURCES.txt'
reading manifest file 'my_bot.egg-info/SOURCES.txt'
writing manifest file 'my_bot.egg-info/SOURCES.txt'
[100%] Built target ament_cmake_python_build_my_bot_egg
-- Install configuration: ""
-- Execute custom install script
-- Symlinking: /home/bose/dev_ws/src/my_bot/install/my_bot/lib/libmy_bot.so
-- Symlinking: /home/bose/dev_ws/src/my_bot/install/my_bot/include/my_bot/arduino_comms.hpp
-- Symlinking: /home/bose/dev_ws/src/my_bot/install/my_bot/include/my_bot/diffbot_system.hpp
-- Symlinking: /home/bose/dev_ws/src/my_bot/install/my_bot/include/my_bot/visibility_control.h
-- Symlinking: /home/bose/dev_ws/src/my_bot/install/my_bot/include/my_bot/wheel.hpp
-- Symlinking: /home/bose/dev_ws/src/my_bot/install/my_bot/share/my_bot/environment/pythonpath.sh
-- Symlinking: /home/bose/dev_ws/src/my_bot/install/my_bot/share/my_bot/environment/pythonpath.dsv
-- Symlinking: /home/bose/dev_ws/src/my_bot/install/my_bot/local/lib/python3.10/dist-packages/my_bot-0.0.0-py3.10.egg-info/PKG-INFO
-- Symlinking: /home/bose/dev_ws/src/my_bot/install/my_bot/local/lib/python3.10/dist-packages/my_bot-0.0.0-py3.10.egg-info/SOURCES.txt
-- Symlinking: /home/bose/dev_ws/src/my_bot/install/my_bot/local/lib/python3.10/dist-packages/my_bot-0.0.0-py3.10.egg-info/dependency_links.txt
-- Symlinking: /home/bose/dev_ws/src/my_bot/install/my_bot/local/lib/python3.10/dist-packages/my_bot-0.0.0-py3.10.egg-info/top_level.txt
-- Symlinking: /home/bose/dev_ws/src/my_bot/install/my_bot/local/lib/python3.10/dist-packages/my_bot/__init__.py
-- Symlinking: /home/bose/dev_ws/src/my_bot/install/my_bot/local/lib/python3.10/dist-packages/my_bot/diff_tf.py
-- Symlinking: /home/bose/dev_ws/src/my_bot/install/my_bot/share/my_bot/config/drive_ot.rviz
-- Symlinking: /home/bose/dev_ws/src/my_bot/install/my_bot/share/my_bot/config/empty.yaml
-- Symlinking: /home/bose/dev_ws/src/my_bot/install/my_bot/share/my_bot/config/fastrtps.xml
-- Symlinking: /home/bose/dev_ws/src/my_bot/install/my_bot/share/my_bot/config/gazebo_params.yaml
-- Symlinking: /home/bose/dev_ws/src/my_bot/install/my_bot/share/my_bot/config/joystick.yaml
-- Symlinking: /home/bose/dev_ws/src/my_bot/install/my_bot/share/my_bot/config/mapper_params_online_async.yaml
-- Symlinking: /home/bose/dev_ws/src/my_bot/install/my_bot/share/my_bot/config/my_controllers.yaml
-- Symlinking: /home/bose/dev_ws/src/my_bot/install/my_bot/share/my_bot/config/twist_mux.yaml
-- Symlinking: /home/bose/dev_ws/src/my_bot/install/my_bot/share/my_bot/config/view_bot.rviz
-- Symlinking: /home/bose/dev_ws/src/my_bot/install/my_bot/share/my_bot/description/camera.xacro
-- Symlinking: /home/bose/dev_ws/src/my_bot/install/my_bot/share/my_bot/description/gazebo_control.xacro
-- Symlinking: /home/bose/dev_ws/src/my_bot/install/my_bot/share/my_bot/description/inertial_macros.xacro
-- Symlinking: /home/bose/dev_ws/src/my_bot/install/my_bot/share/my_bot/description/lidar.xacro
-- Symlinking: /home/bose/dev_ws/src/my_bot/install/my_bot/share/my_bot/description/robot.urdf.xacro
-- Symlinking: /home/bose/dev_ws/src/my_bot/install/my_bot/share/my_bot/description/robot_core.xacro
-- Symlinking: /home/bose/dev_ws/src/my_bot/install/my_bot/share/my_bot/description/ros2_control.xacro
-- Symlinking: /home/bose/dev_ws/src/my_bot/install/my_bot/share/my_bot/launch/camera.launch.py
-- Symlinking: /home/bose/dev_ws/src/my_bot/install/my_bot/share/my_bot/launch/joystick.launch.py
-- Symlinking: /home/bose/dev_ws/src/my_bot/install/my_bot/share/my_bot/launch/launch_robot.launch.py
-- Symlinking: /home/bose/dev_ws/src/my_bot/install/my_bot/share/my_bot/launch/launch_sim.launch.py
-- Symlinking: /home/bose/dev_ws/src/my_bot/install/my_bot/share/my_bot/launch/rplidar.launch.py
-- Symlinking: /home/bose/dev_ws/src/my_bot/install/my_bot/share/my_bot/launch/rsp.launch.py
-- Symlinking: /home/bose/dev_ws/src/my_bot/install/my_bot/share/my_bot/worlds/empty.world
-- Symlinking: /home/bose/dev_ws/src/my_bot/install/my_bot/share/my_bot/worlds/house.world
-- Symlinking: /home/bose/dev_ws/src/my_bot/install/my_bot/share/my_bot/worlds/lid.world
-- Symlinking: /home/bose/dev_ws/src/my_bot/install/my_bot/share/my_bot/worlds/lidar.world
-- Symlinking: /home/bose/dev_ws/src/my_bot/install/my_bot/share/my_bot/worlds/new.world
-- Symlinking: /home/bose/dev_ws/src/my_bot/install/my_bot/share/my_bot/worlds/obstacle.world
-- Symlinking: /home/bose/dev_ws/src/my_bot/install/my_bot/share/my_bot//my_bot.xml
-- Symlinking: /home/bose/dev_ws/src/my_bot/install/my_bot/share/my_bot/environment/library_path.sh
-- Symlinking: /home/bose/dev_ws/src/my_bot/install/my_bot/share/my_bot/environment/library_path.dsv
-- Symlinking: /home/bose/dev_ws/src/my_bot/install/my_bot/share/ament_index/resource_index/package_run_dependencies/my_bot
-- Symlinking: /home/bose/dev_ws/src/my_bot/install/my_bot/share/ament_index/resource_index/parent_prefix_path/my_bot
-- Symlinking: /home/bose/dev_ws/src/my_bot/install/my_bot/share/my_bot/environment/ament_prefix_path.sh
-- Symlinking: /home/bose/dev_ws/src/my_bot/install/my_bot/share/my_bot/environment/ament_prefix_path.dsv
-- Symlinking: /home/bose/dev_ws/src/my_bot/install/my_bot/share/my_bot/environment/path.sh
-- Symlinking: /home/bose/dev_ws/src/my_bot/install/my_bot/share/my_bot/environment/path.dsv
-- Symlinking: /home/bose/dev_ws/src/my_bot/install/my_bot/share/my_bot/local_setup.bash
-- Symlinking: /home/bose/dev_ws/src/my_bot/install/my_bot/share/my_bot/local_setup.sh
-- Symlinking: /home/bose/dev_ws/src/my_bot/install/my_bot/share/my_bot/local_setup.zsh
-- Symlinking: /home/bose/dev_ws/src/my_bot/install/my_bot/share/my_bot/local_setup.dsv
-- Symlinking: /home/bose/dev_ws/src/my_bot/install/my_bot/share/my_bot/package.dsv
-- Symlinking: /home/bose/dev_ws/src/my_bot/install/my_bot/share/ament_index/resource_index/packages/my_bot
-- Symlinking: /home/bose/dev_ws/src/my_bot/install/my_bot/share/ament_index/resource_index/hardware_interface__pluginlib__plugin/my_bot
-- Symlinking: /home/bose/dev_ws/src/my_bot/install/my_bot/share/my_bot/cmake/ament_cmake_export_include_directories-extras.cmake
-- Symlinking: /home/bose/dev_ws/src/my_bot/install/my_bot/share/my_bot/cmake/ament_cmake_export_libraries-extras.cmake
-- Symlinking: /home/bose/dev_ws/src/my_bot/install/my_bot/share/my_bot/cmake/ament_cmake_export_dependencies-extras.cmake
-- Symlinking: /home/bose/dev_ws/src/my_bot/install/my_bot/share/my_bot/cmake/my_botConfig.cmake
-- Symlinking: /home/bose/dev_ws/src/my_bot/install/my_bot/share/my_bot/cmake/my_botConfig-version.cmake
-- Symlinking: /home/bose/dev_ws/src/my_bot/install/my_bot/share/my_bot/package.xml
Listing '/home/bose/dev_ws/src/my_bot/install/my_bot/local/lib/python3.10/dist-packages/my_bot'...
Compiling '/home/bose/dev_ws/src/my_bot/install/my_bot/local/lib/python3.10/dist-packages/my_bot/__init__.py'...
Compiling '/home/bose/dev_ws/src/my_bot/install/my_bot/local/lib/python3.10/dist-packages/my_bot/diff_tf.py'...
