[0.059s] Invoking command in '/home/bose/dev_ws/src/my_bot/build/my_bot': CMAKE_PREFIX_PATH=${CMAKE_PREFIX_PATH}:/home/bose/ros2_ws/install/serial_motor_demo:/opt/ros/humble /usr/bin/cmake /home/bose/dev_ws/src/my_bot -DAMENT_CMAKE_SYMLINK_INSTALL=1 -DCMAKE_INSTALL_PREFIX=/home/bose/dev_ws/src/my_bot/install/my_bot
[0.124s] -- Found ament_cmake: 1.3.11 (/opt/ros/humble/share/ament_cmake/cmake)
[0.759s] -- Override CMake install command with custom implementation using symlinks instead of copying resources
[0.797s] -- Found hardware_interface: 2.49.0 (/opt/ros/humble/share/hardware_interface/cmake)
[0.972s] -- Found rosidl_generator_c: 3.1.6 (/opt/ros/humble/share/rosidl_generator_c/cmake)
[0.985s] -- Found rosidl_adapter: 3.1.6 (/opt/ros/humble/share/rosidl_adapter/cmake)
[1.013s] -- Found rosidl_generator_cpp: 3.1.6 (/opt/ros/humble/share/rosidl_generator_cpp/cmake)
[1.056s] -- Using all available rosidl_typesupport_c: rosidl_typesupport_fastrtps_c;rosidl_typesupport_introspection_c
[1.110s] -- Using all available rosidl_typesupport_cpp: rosidl_typesupport_fastrtps_cpp;rosidl_typesupport_introspection_cpp
[1.960s] -- Found rmw_implementation_cmake: 6.1.2 (/opt/ros/humble/share/rmw_implementation_cmake/cmake)
[1.996s] -- Found rmw_cyclonedds_cpp: 1.3.4 (/opt/ros/humble/share/rmw_cyclonedds_cpp/cmake)
[2.114s] -- Using RMW implementation 'rmw_cyclonedds_cpp' as default
[3.119s] -- Configuring done
[3.284s] -- Generating done
[3.308s] -- Build files have been written to: /home/bose/dev_ws/src/my_bot/build/my_bot
[3.342s] Invoked command in '/home/bose/dev_ws/src/my_bot/build/my_bot' returned '0': CMAKE_PREFIX_PATH=${CMAKE_PREFIX_PATH}:/home/bose/ros2_ws/install/serial_motor_demo:/opt/ros/humble /usr/bin/cmake /home/bose/dev_ws/src/my_bot -DAMENT_CMAKE_SYMLINK_INSTALL=1 -DCMAKE_INSTALL_PREFIX=/home/bose/dev_ws/src/my_bot/install/my_bot
[3.354s] Invoking command in '/home/bose/dev_ws/src/my_bot/build/my_bot': CMAKE_PREFIX_PATH=${CMAKE_PREFIX_PATH}:/home/bose/ros2_ws/install/serial_motor_demo:/opt/ros/humble /usr/bin/cmake --build /home/bose/dev_ws/src/my_bot/build/my_bot -- -j4 -l4
[3.583s] [35m[1mConsolidate compiler generated dependencies of target my_bot[0m
[3.655s] [  0%] Built target ament_cmake_python_symlink_my_bot
[3.701s] [ 50%] [32m[1mLinking CXX shared library libmy_bot.so[0m
[4.858s] [100%] Built target my_bot
[5.352s] running egg_info
[5.355s] creating my_bot.egg-info
[5.356s] writing my_bot.egg-info/PKG-INFO
[5.357s] writing dependency_links to my_bot.egg-info/dependency_links.txt
[5.359s] writing top-level names to my_bot.egg-info/top_level.txt
[5.360s] writing manifest file 'my_bot.egg-info/SOURCES.txt'
[5.371s] reading manifest file 'my_bot.egg-info/SOURCES.txt'
[5.373s] writing manifest file 'my_bot.egg-info/SOURCES.txt'
[5.525s] [100%] Built target ament_cmake_python_build_my_bot_egg
[5.578s] Invoked command in '/home/bose/dev_ws/src/my_bot/build/my_bot' returned '0': CMAKE_PREFIX_PATH=${CMAKE_PREFIX_PATH}:/home/bose/ros2_ws/install/serial_motor_demo:/opt/ros/humble /usr/bin/cmake --build /home/bose/dev_ws/src/my_bot/build/my_bot -- -j4 -l4
[5.629s] Invoking command in '/home/bose/dev_ws/src/my_bot/build/my_bot': CMAKE_PREFIX_PATH=${CMAKE_PREFIX_PATH}:/home/bose/ros2_ws/install/serial_motor_demo:/opt/ros/humble /usr/bin/cmake --install /home/bose/dev_ws/src/my_bot/build/my_bot
[5.668s] -- Install configuration: ""
[5.671s] -- Execute custom install script
[5.672s] -- Symlinking: /home/bose/dev_ws/src/my_bot/install/my_bot/lib/libmy_bot.so
[5.713s] -- Symlinking: /home/bose/dev_ws/src/my_bot/install/my_bot/include/my_bot/arduino_comms.hpp
[5.753s] -- Symlinking: /home/bose/dev_ws/src/my_bot/install/my_bot/include/my_bot/diffbot_system.hpp
[5.793s] -- Symlinking: /home/bose/dev_ws/src/my_bot/install/my_bot/include/my_bot/visibility_control.h
[5.833s] -- Symlinking: /home/bose/dev_ws/src/my_bot/install/my_bot/include/my_bot/wheel.hpp
[5.875s] -- Symlinking: /home/bose/dev_ws/src/my_bot/install/my_bot/share/my_bot/environment/pythonpath.sh
[5.914s] -- Symlinking: /home/bose/dev_ws/src/my_bot/install/my_bot/share/my_bot/environment/pythonpath.dsv
[5.954s] -- Symlinking: /home/bose/dev_ws/src/my_bot/install/my_bot/local/lib/python3.10/dist-packages/my_bot-0.0.0-py3.10.egg-info/PKG-INFO
[5.993s] -- Symlinking: /home/bose/dev_ws/src/my_bot/install/my_bot/local/lib/python3.10/dist-packages/my_bot-0.0.0-py3.10.egg-info/SOURCES.txt
[6.031s] -- Symlinking: /home/bose/dev_ws/src/my_bot/install/my_bot/local/lib/python3.10/dist-packages/my_bot-0.0.0-py3.10.egg-info/dependency_links.txt
[6.070s] -- Symlinking: /home/bose/dev_ws/src/my_bot/install/my_bot/local/lib/python3.10/dist-packages/my_bot-0.0.0-py3.10.egg-info/top_level.txt
[6.111s] -- Symlinking: /home/bose/dev_ws/src/my_bot/install/my_bot/local/lib/python3.10/dist-packages/my_bot/__init__.py
[6.147s] -- Symlinking: /home/bose/dev_ws/src/my_bot/install/my_bot/local/lib/python3.10/dist-packages/my_bot/diff_tf.py
[6.187s] -- Symlinking: /home/bose/dev_ws/src/my_bot/install/my_bot/share/my_bot/config/drive_ot.rviz
[6.227s] -- Symlinking: /home/bose/dev_ws/src/my_bot/install/my_bot/share/my_bot/config/empty.yaml
[6.267s] -- Symlinking: /home/bose/dev_ws/src/my_bot/install/my_bot/share/my_bot/config/fastrtps.xml
[6.305s] -- Symlinking: /home/bose/dev_ws/src/my_bot/install/my_bot/share/my_bot/config/gazebo_params.yaml
[6.343s] -- Symlinking: /home/bose/dev_ws/src/my_bot/install/my_bot/share/my_bot/config/joystick.yaml
[6.384s] -- Symlinking: /home/bose/dev_ws/src/my_bot/install/my_bot/share/my_bot/config/mapper_params_online_async.yaml
[6.425s] -- Symlinking: /home/bose/dev_ws/src/my_bot/install/my_bot/share/my_bot/config/my_controllers.yaml
[6.465s] -- Symlinking: /home/bose/dev_ws/src/my_bot/install/my_bot/share/my_bot/config/twist_mux.yaml
[6.507s] -- Symlinking: /home/bose/dev_ws/src/my_bot/install/my_bot/share/my_bot/config/view_bot.rviz
[6.547s] -- Symlinking: /home/bose/dev_ws/src/my_bot/install/my_bot/share/my_bot/description/camera.xacro
[6.588s] -- Symlinking: /home/bose/dev_ws/src/my_bot/install/my_bot/share/my_bot/description/gazebo_control.xacro
[6.628s] -- Symlinking: /home/bose/dev_ws/src/my_bot/install/my_bot/share/my_bot/description/inertial_macros.xacro
[6.669s] -- Symlinking: /home/bose/dev_ws/src/my_bot/install/my_bot/share/my_bot/description/lidar.xacro
[6.710s] -- Symlinking: /home/bose/dev_ws/src/my_bot/install/my_bot/share/my_bot/description/robot.urdf.xacro
[6.749s] -- Symlinking: /home/bose/dev_ws/src/my_bot/install/my_bot/share/my_bot/description/robot_core.xacro
[6.788s] -- Symlinking: /home/bose/dev_ws/src/my_bot/install/my_bot/share/my_bot/description/ros2_control.xacro
[6.828s] -- Symlinking: /home/bose/dev_ws/src/my_bot/install/my_bot/share/my_bot/launch/camera.launch.py
[6.868s] -- Symlinking: /home/bose/dev_ws/src/my_bot/install/my_bot/share/my_bot/launch/joystick.launch.py
[6.906s] -- Symlinking: /home/bose/dev_ws/src/my_bot/install/my_bot/share/my_bot/launch/launch_robot.launch.py
[6.946s] -- Symlinking: /home/bose/dev_ws/src/my_bot/install/my_bot/share/my_bot/launch/launch_sim.launch.py
[6.984s] -- Symlinking: /home/bose/dev_ws/src/my_bot/install/my_bot/share/my_bot/launch/rplidar.launch.py
[7.023s] -- Symlinking: /home/bose/dev_ws/src/my_bot/install/my_bot/share/my_bot/launch/rsp.launch.py
[7.063s] -- Symlinking: /home/bose/dev_ws/src/my_bot/install/my_bot/share/my_bot/worlds/empty.world
[7.102s] -- Symlinking: /home/bose/dev_ws/src/my_bot/install/my_bot/share/my_bot/worlds/house.world
[7.141s] -- Symlinking: /home/bose/dev_ws/src/my_bot/install/my_bot/share/my_bot/worlds/lid.world
[7.180s] -- Symlinking: /home/bose/dev_ws/src/my_bot/install/my_bot/share/my_bot/worlds/lidar.world
[7.218s] -- Symlinking: /home/bose/dev_ws/src/my_bot/install/my_bot/share/my_bot/worlds/new.world
[7.256s] -- Symlinking: /home/bose/dev_ws/src/my_bot/install/my_bot/share/my_bot/worlds/obstacle.world
[7.294s] -- Symlinking: /home/bose/dev_ws/src/my_bot/install/my_bot/share/my_bot//my_bot.xml
[7.333s] -- Symlinking: /home/bose/dev_ws/src/my_bot/install/my_bot/share/my_bot/environment/library_path.sh
[7.372s] -- Symlinking: /home/bose/dev_ws/src/my_bot/install/my_bot/share/my_bot/environment/library_path.dsv
[7.411s] -- Symlinking: /home/bose/dev_ws/src/my_bot/install/my_bot/share/ament_index/resource_index/package_run_dependencies/my_bot
[7.451s] -- Symlinking: /home/bose/dev_ws/src/my_bot/install/my_bot/share/ament_index/resource_index/parent_prefix_path/my_bot
[7.489s] -- Symlinking: /home/bose/dev_ws/src/my_bot/install/my_bot/share/my_bot/environment/ament_prefix_path.sh
[7.529s] -- Symlinking: /home/bose/dev_ws/src/my_bot/install/my_bot/share/my_bot/environment/ament_prefix_path.dsv
[7.568s] -- Symlinking: /home/bose/dev_ws/src/my_bot/install/my_bot/share/my_bot/environment/path.sh
[7.606s] -- Symlinking: /home/bose/dev_ws/src/my_bot/install/my_bot/share/my_bot/environment/path.dsv
[7.645s] -- Symlinking: /home/bose/dev_ws/src/my_bot/install/my_bot/share/my_bot/local_setup.bash
[7.685s] -- Symlinking: /home/bose/dev_ws/src/my_bot/install/my_bot/share/my_bot/local_setup.sh
[7.724s] -- Symlinking: /home/bose/dev_ws/src/my_bot/install/my_bot/share/my_bot/local_setup.zsh
[7.766s] -- Symlinking: /home/bose/dev_ws/src/my_bot/install/my_bot/share/my_bot/local_setup.dsv
[7.806s] -- Symlinking: /home/bose/dev_ws/src/my_bot/install/my_bot/share/my_bot/package.dsv
[7.846s] -- Symlinking: /home/bose/dev_ws/src/my_bot/install/my_bot/share/ament_index/resource_index/packages/my_bot
[7.890s] -- Symlinking: /home/bose/dev_ws/src/my_bot/install/my_bot/share/ament_index/resource_index/hardware_interface__pluginlib__plugin/my_bot
[7.931s] -- Symlinking: /home/bose/dev_ws/src/my_bot/install/my_bot/share/my_bot/cmake/ament_cmake_export_include_directories-extras.cmake
[7.972s] -- Symlinking: /home/bose/dev_ws/src/my_bot/install/my_bot/share/my_bot/cmake/ament_cmake_export_libraries-extras.cmake
[8.009s] -- Symlinking: /home/bose/dev_ws/src/my_bot/install/my_bot/share/my_bot/cmake/ament_cmake_export_dependencies-extras.cmake
[8.050s] -- Symlinking: /home/bose/dev_ws/src/my_bot/install/my_bot/share/my_bot/cmake/my_botConfig.cmake
[8.090s] -- Symlinking: /home/bose/dev_ws/src/my_bot/install/my_bot/share/my_bot/cmake/my_botConfig-version.cmake
[8.131s] -- Symlinking: /home/bose/dev_ws/src/my_bot/install/my_bot/share/my_bot/package.xml
[8.344s] Listing '/home/bose/dev_ws/src/my_bot/install/my_bot/local/lib/python3.10/dist-packages/my_bot'...
[8.345s] Compiling '/home/bose/dev_ws/src/my_bot/install/my_bot/local/lib/python3.10/dist-packages/my_bot/__init__.py'...
[8.346s] Compiling '/home/bose/dev_ws/src/my_bot/install/my_bot/local/lib/python3.10/dist-packages/my_bot/diff_tf.py'...
[8.378s] Invoked command in '/home/bose/dev_ws/src/my_bot/build/my_bot' returned '0': CMAKE_PREFIX_PATH=${CMAKE_PREFIX_PATH}:/home/bose/ros2_ws/install/serial_motor_demo:/opt/ros/humble /usr/bin/cmake --install /home/bose/dev_ws/src/my_bot/build/my_bot
