[0.504s] DEBUG:colcon:Command line arguments: ['/usr/bin/colcon', 'build', '--symlink-install', '--packages-select', 'my_bot']
[0.505s] DEBUG:colcon:Parsed command line arguments: Namespace(log_base=None, log_level=None, verb_name='build', build_base='build', install_base='install', merge_install=False, symlink_install=True, test_result_base=None, continue_on_error=False, executor='parallel', parallel_workers=4, event_handlers=None, ignore_user_meta=False, metas=['./colcon.meta'], base_paths=['.'], packages_ignore=None, packages_ignore_regex=None, paths=None, packages_up_to=None, packages_up_to_regex=None, packages_above=None, packages_above_and_dependencies=None, packages_above_depth=None, packages_select_by_dep=None, packages_skip_by_dep=None, packages_skip_up_to=None, packages_select_build_failed=False, packages_skip_build_finished=False, packages_select_test_failures=False, packages_skip_test_passed=False, packages_select=['my_bot'], packages_skip=None, packages_select_regex=None, packages_skip_regex=None, packages_start=None, packages_end=None, allow_overriding=[], cmake_args=None, cmake_target=None, cmake_target_skip_unavailable=False, cmake_clean_cache=False, cmake_clean_first=False, cmake_force_configure=False, ament_cmake_args=None, catkin_cmake_args=None, catkin_skip_building_tests=False, verb_parser=<colcon_defaults.argument_parser.defaults.DefaultArgumentsDecorator object at 0xffffb68c1420>, verb_extension=<colcon_core.verb.build.BuildVerb object at 0xffffb68c0fd0>, main=<bound method BuildVerb.main of <colcon_core.verb.build.BuildVerb object at 0xffffb68c0fd0>>)
[1.386s] Level 1:colcon.colcon_core.package_discovery:discover_packages(colcon_meta) check parameters
[1.386s] Level 1:colcon.colcon_core.package_discovery:discover_packages(recursive) check parameters
[1.387s] Level 1:colcon.colcon_core.package_discovery:discover_packages(ignore) check parameters
[1.387s] Level 1:colcon.colcon_core.package_discovery:discover_packages(path) check parameters
[1.387s] Level 1:colcon.colcon_core.package_discovery:discover_packages(colcon_meta) discover
[1.387s] Level 1:colcon.colcon_core.package_discovery:discover_packages(recursive) discover
[1.388s] INFO:colcon.colcon_core.package_discovery:Crawling recursively for packages in '/home/bose/dev_ws/src/my_bot'
[1.389s] Level 1:colcon.colcon_core.package_identification:_identify(.) by extensions ['ignore', 'ignore_ament_install']
[1.389s] Level 1:colcon.colcon_core.package_identification:_identify(.) by extension 'ignore'
[1.389s] Level 1:colcon.colcon_core.package_identification:_identify(.) by extension 'ignore_ament_install'
[1.390s] Level 1:colcon.colcon_core.package_identification:_identify(.) by extensions ['colcon_pkg']
[1.390s] Level 1:colcon.colcon_core.package_identification:_identify(.) by extension 'colcon_pkg'
[1.390s] Level 1:colcon.colcon_core.package_identification:_identify(.) by extensions ['colcon_meta']
[1.390s] Level 1:colcon.colcon_core.package_identification:_identify(.) by extension 'colcon_meta'
[1.390s] Level 1:colcon.colcon_core.package_identification:_identify(.) by extensions ['ros']
[1.390s] Level 1:colcon.colcon_core.package_identification:_identify(.) by extension 'ros'
[1.452s] DEBUG:colcon.colcon_core.package_identification:Package '.' with type 'ros.ament_cmake' and name 'my_bot'
[1.452s] Level 1:colcon.colcon_core.package_discovery:discover_packages(recursive) using defaults
[1.452s] Level 1:colcon.colcon_core.package_discovery:discover_packages(ignore) discover
[1.453s] Level 1:colcon.colcon_core.package_discovery:discover_packages(ignore) using defaults
[1.453s] Level 1:colcon.colcon_core.package_discovery:discover_packages(path) discover
[1.453s] Level 1:colcon.colcon_core.package_discovery:discover_packages(path) using defaults
[1.574s] Level 1:colcon.colcon_core.package_discovery:discover_packages(prefix_path) check parameters
[1.574s] Level 1:colcon.colcon_core.package_discovery:discover_packages(prefix_path) discover
[1.585s] DEBUG:colcon.colcon_installed_package_information.package_discovery:Found 4 installed packages in /home/bose/dev_ws/install
[1.588s] DEBUG:colcon.colcon_installed_package_information.package_discovery:Found 3 installed packages in /home/bose/ros2_ws/install
[1.591s] DEBUG:colcon.colcon_installed_package_information.package_discovery:Found 1 installed packages in /home/bose/install
[1.602s] DEBUG:colcon.colcon_installed_package_information.package_discovery:Found 333 installed packages in /opt/ros/humble
[1.610s] Level 1:colcon.colcon_core.package_discovery:discover_packages(prefix_path) using defaults
[1.823s] Level 5:colcon.colcon_core.verb:set package 'my_bot' build argument 'cmake_args' from command line to 'None'
[1.823s] Level 5:colcon.colcon_core.verb:set package 'my_bot' build argument 'cmake_target' from command line to 'None'
[1.823s] Level 5:colcon.colcon_core.verb:set package 'my_bot' build argument 'cmake_target_skip_unavailable' from command line to 'False'
[1.823s] Level 5:colcon.colcon_core.verb:set package 'my_bot' build argument 'cmake_clean_cache' from command line to 'False'
[1.824s] Level 5:colcon.colcon_core.verb:set package 'my_bot' build argument 'cmake_clean_first' from command line to 'False'
[1.824s] Level 5:colcon.colcon_core.verb:set package 'my_bot' build argument 'cmake_force_configure' from command line to 'False'
[1.824s] Level 5:colcon.colcon_core.verb:set package 'my_bot' build argument 'ament_cmake_args' from command line to 'None'
[1.824s] Level 5:colcon.colcon_core.verb:set package 'my_bot' build argument 'catkin_cmake_args' from command line to 'None'
[1.824s] Level 5:colcon.colcon_core.verb:set package 'my_bot' build argument 'catkin_skip_building_tests' from command line to 'False'
[1.824s] DEBUG:colcon.colcon_core.verb:Building package 'my_bot' with the following arguments: {'ament_cmake_args': None, 'build_base': '/home/bose/dev_ws/src/my_bot/build/my_bot', 'catkin_cmake_args': None, 'catkin_skip_building_tests': False, 'cmake_args': None, 'cmake_clean_cache': False, 'cmake_clean_first': False, 'cmake_force_configure': False, 'cmake_target': None, 'cmake_target_skip_unavailable': False, 'install_base': '/home/bose/dev_ws/src/my_bot/install/my_bot', 'merge_install': False, 'path': '/home/bose/dev_ws/src/my_bot', 'symlink_install': True, 'test_result_base': None}
[1.825s] INFO:colcon.colcon_core.executor:Executing jobs using 'parallel' executor
[1.828s] DEBUG:colcon.colcon_parallel_executor.executor.parallel:run_until_complete
[1.829s] INFO:colcon.colcon_ros.task.ament_cmake.build:Building ROS package in '/home/bose/dev_ws/src/my_bot' with build type 'ament_cmake'
[1.830s] INFO:colcon.colcon_cmake.task.cmake.build:Building CMake package in '/home/bose/dev_ws/src/my_bot'
[1.841s] INFO:colcon.colcon_core.plugin_system:Skipping extension 'colcon_core.shell.bat': Not used on non-Windows systems
[1.842s] INFO:colcon.colcon_core.shell:Skip shell extension 'powershell' for command environment: Not usable outside of PowerShell
[1.842s] DEBUG:colcon.colcon_core.shell:Skip shell extension 'dsv' for command environment
[1.891s] DEBUG:colcon.colcon_core.event_handler.log_command:Invoking command in '/home/bose/dev_ws/src/my_bot/build/my_bot': CMAKE_PREFIX_PATH=${CMAKE_PREFIX_PATH}:/home/bose/ros2_ws/install/serial_motor_demo:/opt/ros/humble /usr/bin/cmake /home/bose/dev_ws/src/my_bot -DAMENT_CMAKE_SYMLINK_INSTALL=1 -DCMAKE_INSTALL_PREFIX=/home/bose/dev_ws/src/my_bot/install/my_bot
[5.174s] DEBUG:colcon.colcon_core.event_handler.log_command:Invoked command in '/home/bose/dev_ws/src/my_bot/build/my_bot' returned '0': CMAKE_PREFIX_PATH=${CMAKE_PREFIX_PATH}:/home/bose/ros2_ws/install/serial_motor_demo:/opt/ros/humble /usr/bin/cmake /home/bose/dev_ws/src/my_bot -DAMENT_CMAKE_SYMLINK_INSTALL=1 -DCMAKE_INSTALL_PREFIX=/home/bose/dev_ws/src/my_bot/install/my_bot
[5.186s] DEBUG:colcon.colcon_core.event_handler.log_command:Invoking command in '/home/bose/dev_ws/src/my_bot/build/my_bot': CMAKE_PREFIX_PATH=${CMAKE_PREFIX_PATH}:/home/bose/ros2_ws/install/serial_motor_demo:/opt/ros/humble /usr/bin/cmake --build /home/bose/dev_ws/src/my_bot/build/my_bot -- -j4 -l4
[7.409s] DEBUG:colcon.colcon_core.event_handler.log_command:Invoked command in '/home/bose/dev_ws/src/my_bot/build/my_bot' returned '0': CMAKE_PREFIX_PATH=${CMAKE_PREFIX_PATH}:/home/bose/ros2_ws/install/serial_motor_demo:/opt/ros/humble /usr/bin/cmake --build /home/bose/dev_ws/src/my_bot/build/my_bot -- -j4 -l4
[7.461s] DEBUG:colcon.colcon_core.event_handler.log_command:Invoking command in '/home/bose/dev_ws/src/my_bot/build/my_bot': CMAKE_PREFIX_PATH=${CMAKE_PREFIX_PATH}:/home/bose/ros2_ws/install/serial_motor_demo:/opt/ros/humble /usr/bin/cmake --install /home/bose/dev_ws/src/my_bot/build/my_bot
[10.207s] Level 1:colcon.colcon_core.environment:create_environment_scripts_only(my_bot)
[10.209s] DEBUG:colcon.colcon_core.event_handler.log_command:Invoked command in '/home/bose/dev_ws/src/my_bot/build/my_bot' returned '0': CMAKE_PREFIX_PATH=${CMAKE_PREFIX_PATH}:/home/bose/ros2_ws/install/serial_motor_demo:/opt/ros/humble /usr/bin/cmake --install /home/bose/dev_ws/src/my_bot/build/my_bot
[10.222s] Level 1:colcon.colcon_core.environment:checking '/home/bose/dev_ws/src/my_bot/install/my_bot' for CMake module files
[10.226s] Level 1:colcon.colcon_core.environment:checking '/home/bose/dev_ws/src/my_bot/install/my_bot' for CMake config files
[10.232s] Level 1:colcon.colcon_core.shell:create_environment_hook('my_bot', 'cmake_prefix_path')
[10.233s] INFO:colcon.colcon_core.shell:Creating environment hook '/home/bose/dev_ws/src/my_bot/install/my_bot/share/my_bot/hook/cmake_prefix_path.ps1'
[10.236s] INFO:colcon.colcon_core.shell:Creating environment descriptor '/home/bose/dev_ws/src/my_bot/install/my_bot/share/my_bot/hook/cmake_prefix_path.dsv'
[10.238s] INFO:colcon.colcon_core.shell:Creating environment hook '/home/bose/dev_ws/src/my_bot/install/my_bot/share/my_bot/hook/cmake_prefix_path.sh'
[10.242s] Level 1:colcon.colcon_core.environment:checking '/home/bose/dev_ws/src/my_bot/install/my_bot/lib'
[10.243s] Level 1:colcon.colcon_core.shell:create_environment_hook('my_bot', 'ld_library_path_lib')
[10.244s] INFO:colcon.colcon_core.shell:Creating environment hook '/home/bose/dev_ws/src/my_bot/install/my_bot/share/my_bot/hook/ld_library_path_lib.ps1'
[10.246s] INFO:colcon.colcon_core.shell:Creating environment descriptor '/home/bose/dev_ws/src/my_bot/install/my_bot/share/my_bot/hook/ld_library_path_lib.dsv'
[10.248s] INFO:colcon.colcon_core.shell:Creating environment hook '/home/bose/dev_ws/src/my_bot/install/my_bot/share/my_bot/hook/ld_library_path_lib.sh'
[10.250s] Level 1:colcon.colcon_core.environment:checking '/home/bose/dev_ws/src/my_bot/install/my_bot/bin'
[10.251s] Level 1:colcon.colcon_core.environment:checking '/home/bose/dev_ws/src/my_bot/install/my_bot/lib/pkgconfig/my_bot.pc'
[10.252s] Level 1:colcon.colcon_core.environment:checking '/home/bose/dev_ws/src/my_bot/install/my_bot/lib/python3.10/site-packages'
[10.253s] Level 1:colcon.colcon_core.environment:checking '/home/bose/dev_ws/src/my_bot/install/my_bot/bin'
[10.254s] INFO:colcon.colcon_core.shell:Creating package script '/home/bose/dev_ws/src/my_bot/install/my_bot/share/my_bot/package.ps1'
[10.258s] INFO:colcon.colcon_core.shell:Creating package descriptor '/home/bose/dev_ws/src/my_bot/install/my_bot/share/my_bot/package.dsv'
[10.261s] INFO:colcon.colcon_core.shell:Creating package script '/home/bose/dev_ws/src/my_bot/install/my_bot/share/my_bot/package.sh'
[10.264s] INFO:colcon.colcon_core.shell:Creating package script '/home/bose/dev_ws/src/my_bot/install/my_bot/share/my_bot/package.bash'
[10.268s] INFO:colcon.colcon_core.shell:Creating package script '/home/bose/dev_ws/src/my_bot/install/my_bot/share/my_bot/package.zsh'
[10.271s] Level 1:colcon.colcon_core.environment:create_file_with_runtime_dependencies(/home/bose/dev_ws/src/my_bot/install/my_bot/share/colcon-core/packages/my_bot)
[10.275s] Level 1:colcon.colcon_core.environment:create_environment_scripts_only(my_bot)
[10.276s] Level 1:colcon.colcon_core.environment:checking '/home/bose/dev_ws/src/my_bot/install/my_bot' for CMake module files
[10.279s] Level 1:colcon.colcon_core.environment:checking '/home/bose/dev_ws/src/my_bot/install/my_bot' for CMake config files
[10.284s] Level 1:colcon.colcon_core.shell:create_environment_hook('my_bot', 'cmake_prefix_path')
[10.285s] INFO:colcon.colcon_core.shell:Creating environment hook '/home/bose/dev_ws/src/my_bot/install/my_bot/share/my_bot/hook/cmake_prefix_path.ps1'
[10.288s] INFO:colcon.colcon_core.shell:Creating environment descriptor '/home/bose/dev_ws/src/my_bot/install/my_bot/share/my_bot/hook/cmake_prefix_path.dsv'
[10.290s] INFO:colcon.colcon_core.shell:Creating environment hook '/home/bose/dev_ws/src/my_bot/install/my_bot/share/my_bot/hook/cmake_prefix_path.sh'
[10.294s] Level 1:colcon.colcon_core.environment:checking '/home/bose/dev_ws/src/my_bot/install/my_bot/lib'
[10.295s] Level 1:colcon.colcon_core.shell:create_environment_hook('my_bot', 'ld_library_path_lib')
[10.295s] INFO:colcon.colcon_core.shell:Creating environment hook '/home/bose/dev_ws/src/my_bot/install/my_bot/share/my_bot/hook/ld_library_path_lib.ps1'
[10.297s] INFO:colcon.colcon_core.shell:Creating environment descriptor '/home/bose/dev_ws/src/my_bot/install/my_bot/share/my_bot/hook/ld_library_path_lib.dsv'
[10.300s] INFO:colcon.colcon_core.shell:Creating environment hook '/home/bose/dev_ws/src/my_bot/install/my_bot/share/my_bot/hook/ld_library_path_lib.sh'
[10.302s] Level 1:colcon.colcon_core.environment:checking '/home/bose/dev_ws/src/my_bot/install/my_bot/bin'
[10.303s] Level 1:colcon.colcon_core.environment:checking '/home/bose/dev_ws/src/my_bot/install/my_bot/lib/pkgconfig/my_bot.pc'
[10.304s] Level 1:colcon.colcon_core.environment:checking '/home/bose/dev_ws/src/my_bot/install/my_bot/lib/python3.10/site-packages'
[10.305s] Level 1:colcon.colcon_core.environment:checking '/home/bose/dev_ws/src/my_bot/install/my_bot/bin'
[10.306s] INFO:colcon.colcon_core.shell:Creating package script '/home/bose/dev_ws/src/my_bot/install/my_bot/share/my_bot/package.ps1'
[10.309s] INFO:colcon.colcon_core.shell:Creating package descriptor '/home/bose/dev_ws/src/my_bot/install/my_bot/share/my_bot/package.dsv'
[10.311s] INFO:colcon.colcon_core.shell:Creating package script '/home/bose/dev_ws/src/my_bot/install/my_bot/share/my_bot/package.sh'
[10.314s] INFO:colcon.colcon_core.shell:Creating package script '/home/bose/dev_ws/src/my_bot/install/my_bot/share/my_bot/package.bash'
[10.317s] INFO:colcon.colcon_core.shell:Creating package script '/home/bose/dev_ws/src/my_bot/install/my_bot/share/my_bot/package.zsh'
[10.319s] Level 1:colcon.colcon_core.environment:create_file_with_runtime_dependencies(/home/bose/dev_ws/src/my_bot/install/my_bot/share/colcon-core/packages/my_bot)
[10.320s] DEBUG:colcon.colcon_parallel_executor.executor.parallel:closing loop
[10.321s] DEBUG:colcon.colcon_parallel_executor.executor.parallel:loop closed
[10.322s] DEBUG:colcon.colcon_parallel_executor.executor.parallel:run_until_complete finished with '0'
[10.322s] DEBUG:colcon.colcon_core.event_reactor:joining thread
[10.346s] INFO:colcon.colcon_core.plugin_system:Skipping extension 'colcon_notification.desktop_notification.terminal_notifier': Not used on non-Darwin systems
[10.346s] INFO:colcon.colcon_core.plugin_system:Skipping extension 'colcon_notification.desktop_notification.win32': Not used on non-Windows systems
[10.347s] INFO:colcon.colcon_notification.desktop_notification:Sending desktop notification using 'notify2'
[10.402s] DEBUG:colcon.colcon_core.event_reactor:joined thread
[10.403s] INFO:colcon.colcon_core.shell:Creating prefix script '/home/bose/dev_ws/src/my_bot/install/local_setup.ps1'
[10.408s] INFO:colcon.colcon_core.shell:Creating prefix util module '/home/bose/dev_ws/src/my_bot/install/_local_setup_util_ps1.py'
[10.414s] INFO:colcon.colcon_core.shell:Creating prefix chain script '/home/bose/dev_ws/src/my_bot/install/setup.ps1'
[10.423s] INFO:colcon.colcon_core.shell:Creating prefix script '/home/bose/dev_ws/src/my_bot/install/local_setup.sh'
[10.428s] INFO:colcon.colcon_core.shell:Creating prefix util module '/home/bose/dev_ws/src/my_bot/install/_local_setup_util_sh.py'
[10.431s] INFO:colcon.colcon_core.shell:Creating prefix chain script '/home/bose/dev_ws/src/my_bot/install/setup.sh'
[10.439s] INFO:colcon.colcon_core.shell:Creating prefix script '/home/bose/dev_ws/src/my_bot/install/local_setup.bash'
[10.442s] INFO:colcon.colcon_core.shell:Creating prefix chain script '/home/bose/dev_ws/src/my_bot/install/setup.bash'
[10.448s] INFO:colcon.colcon_core.shell:Creating prefix script '/home/bose/dev_ws/src/my_bot/install/local_setup.zsh'
[10.451s] INFO:colcon.colcon_core.shell:Creating prefix chain script '/home/bose/dev_ws/src/my_bot/install/setup.zsh'
