[0.501s] DEBUG:colcon:Command line arguments: ['/usr/bin/colcon', 'build', '--symlink-install']
[0.501s] DEBUG:colcon:Parsed command line arguments: Namespace(log_base=None, log_level=None, verb_name='build', build_base='build', install_base='install', merge_install=False, symlink_install=True, test_result_base=None, continue_on_error=False, executor='parallel', parallel_workers=4, event_handlers=None, ignore_user_meta=False, metas=['./colcon.meta'], base_paths=['.'], packages_ignore=None, packages_ignore_regex=None, paths=None, packages_up_to=None, packages_up_to_regex=None, packages_above=None, packages_above_and_dependencies=None, packages_above_depth=None, packages_select_by_dep=None, packages_skip_by_dep=None, packages_skip_up_to=None, packages_select_build_failed=False, packages_skip_build_finished=False, packages_select_test_failures=False, packages_skip_test_passed=False, packages_select=None, packages_skip=None, packages_select_regex=None, packages_skip_regex=None, packages_start=None, packages_end=None, allow_overriding=[], cmake_args=None, cmake_target=None, cmake_target_skip_unavailable=False, cmake_clean_cache=False, cmake_clean_first=False, cmake_force_configure=False, ament_cmake_args=None, catkin_cmake_args=None, catkin_skip_building_tests=False, verb_parser=<colcon_defaults.argument_parser.defaults.DefaultArgumentsDecorator object at 0xffff8960d5a0>, verb_extension=<colcon_core.verb.build.BuildVerb object at 0xffff8960d150>, main=<bound method BuildVerb.main of <colcon_core.verb.build.BuildVerb object at 0xffff8960d150>>)
[1.451s] Level 1:colcon.colcon_core.package_discovery:discover_packages(colcon_meta) check parameters
[1.451s] Level 1:colcon.colcon_core.package_discovery:discover_packages(recursive) check parameters
[1.451s] Level 1:colcon.colcon_core.package_discovery:discover_packages(ignore) check parameters
[1.452s] Level 1:colcon.colcon_core.package_discovery:discover_packages(path) check parameters
[1.452s] Level 1:colcon.colcon_core.package_discovery:discover_packages(colcon_meta) discover
[1.452s] Level 1:colcon.colcon_core.package_discovery:discover_packages(recursive) discover
[1.452s] INFO:colcon.colcon_core.package_discovery:Crawling recursively for packages in '/home/bose/dev_ws/src/my_bot'
[1.454s] Level 1:colcon.colcon_core.package_identification:_identify(.) by extensions ['ignore', 'ignore_ament_install']
[1.455s] Level 1:colcon.colcon_core.package_identification:_identify(.) by extension 'ignore'
[1.455s] Level 1:colcon.colcon_core.package_identification:_identify(.) by extension 'ignore_ament_install'
[1.456s] Level 1:colcon.colcon_core.package_identification:_identify(.) by extensions ['colcon_pkg']
[1.456s] Level 1:colcon.colcon_core.package_identification:_identify(.) by extension 'colcon_pkg'
[1.456s] Level 1:colcon.colcon_core.package_identification:_identify(.) by extensions ['colcon_meta']
[1.457s] Level 1:colcon.colcon_core.package_identification:_identify(.) by extension 'colcon_meta'
[1.457s] Level 1:colcon.colcon_core.package_identification:_identify(.) by extensions ['ros']
[1.457s] Level 1:colcon.colcon_core.package_identification:_identify(.) by extension 'ros'
[1.523s] DEBUG:colcon.colcon_core.package_identification:Package '.' with type 'ros.ament_cmake' and name 'my_bot'
[1.524s] Level 1:colcon.colcon_core.package_discovery:discover_packages(recursive) using defaults
[1.525s] Level 1:colcon.colcon_core.package_discovery:discover_packages(ignore) discover
[1.525s] Level 1:colcon.colcon_core.package_discovery:discover_packages(ignore) using defaults
[1.525s] Level 1:colcon.colcon_core.package_discovery:discover_packages(path) discover
[1.525s] Level 1:colcon.colcon_core.package_discovery:discover_packages(path) using defaults
[1.656s] Level 1:colcon.colcon_core.package_discovery:discover_packages(prefix_path) check parameters
[1.657s] Level 1:colcon.colcon_core.package_discovery:discover_packages(prefix_path) discover
[1.668s] DEBUG:colcon.colcon_installed_package_information.package_discovery:Found 3 installed packages in /home/bose/ros2_ws/install
[1.671s] DEBUG:colcon.colcon_installed_package_information.package_discovery:Found 4 installed packages in /home/bose/dev_ws/install
[1.673s] DEBUG:colcon.colcon_installed_package_information.package_discovery:Found 1 installed packages in /home/bose/install
[1.676s] DEBUG:colcon.colcon_installed_package_information.package_discovery:Found 1 installed packages in /home/bose/dev_ws/src/my_bot/install
[1.688s] DEBUG:colcon.colcon_installed_package_information.package_discovery:Found 333 installed packages in /opt/ros/humble
[1.696s] Level 1:colcon.colcon_core.package_discovery:discover_packages(prefix_path) using defaults
[1.924s] Level 5:colcon.colcon_core.verb:set package 'my_bot' build argument 'cmake_args' from command line to 'None'
[1.925s] Level 5:colcon.colcon_core.verb:set package 'my_bot' build argument 'cmake_target' from command line to 'None'
[1.925s] Level 5:colcon.colcon_core.verb:set package 'my_bot' build argument 'cmake_target_skip_unavailable' from command line to 'False'
[1.925s] Level 5:colcon.colcon_core.verb:set package 'my_bot' build argument 'cmake_clean_cache' from command line to 'False'
[1.925s] Level 5:colcon.colcon_core.verb:set package 'my_bot' build argument 'cmake_clean_first' from command line to 'False'
[1.925s] Level 5:colcon.colcon_core.verb:set package 'my_bot' build argument 'cmake_force_configure' from command line to 'False'
[1.925s] Level 5:colcon.colcon_core.verb:set package 'my_bot' build argument 'ament_cmake_args' from command line to 'None'
[1.925s] Level 5:colcon.colcon_core.verb:set package 'my_bot' build argument 'catkin_cmake_args' from command line to 'None'
[1.926s] Level 5:colcon.colcon_core.verb:set package 'my_bot' build argument 'catkin_skip_building_tests' from command line to 'False'
[1.926s] DEBUG:colcon.colcon_core.verb:Building package 'my_bot' with the following arguments: {'ament_cmake_args': None, 'build_base': '/home/bose/dev_ws/src/my_bot/build/my_bot', 'catkin_cmake_args': None, 'catkin_skip_building_tests': False, 'cmake_args': None, 'cmake_clean_cache': False, 'cmake_clean_first': False, 'cmake_force_configure': False, 'cmake_target': None, 'cmake_target_skip_unavailable': False, 'install_base': '/home/bose/dev_ws/src/my_bot/install/my_bot', 'merge_install': False, 'path': '/home/bose/dev_ws/src/my_bot', 'symlink_install': True, 'test_result_base': None}
[1.926s] INFO:colcon.colcon_core.executor:Executing jobs using 'parallel' executor
[1.930s] DEBUG:colcon.colcon_parallel_executor.executor.parallel:run_until_complete
[1.932s] INFO:colcon.colcon_ros.task.ament_cmake.build:Building ROS package in '/home/bose/dev_ws/src/my_bot' with build type 'ament_cmake'
[1.932s] INFO:colcon.colcon_cmake.task.cmake.build:Building CMake package in '/home/bose/dev_ws/src/my_bot'
[1.943s] INFO:colcon.colcon_core.plugin_system:Skipping extension 'colcon_core.shell.bat': Not used on non-Windows systems
[1.944s] INFO:colcon.colcon_core.shell:Skip shell extension 'powershell' for command environment: Not usable outside of PowerShell
[1.944s] DEBUG:colcon.colcon_core.shell:Skip shell extension 'dsv' for command environment
[2.009s] DEBUG:colcon.colcon_core.event_handler.log_command:Invoking command in '/home/bose/dev_ws/src/my_bot/build/my_bot': CMAKE_PREFIX_PATH=${CMAKE_PREFIX_PATH}:/home/bose/ros2_ws/install/serial_motor_demo:/opt/ros/humble /usr/bin/cmake /home/bose/dev_ws/src/my_bot -DAMENT_CMAKE_SYMLINK_INSTALL=1 -DCMAKE_INSTALL_PREFIX=/home/bose/dev_ws/src/my_bot/install/my_bot
[5.226s] DEBUG:colcon.colcon_core.event_handler.log_command:Invoked command in '/home/bose/dev_ws/src/my_bot/build/my_bot' returned '0': CMAKE_PREFIX_PATH=${CMAKE_PREFIX_PATH}:/home/bose/ros2_ws/install/serial_motor_demo:/opt/ros/humble /usr/bin/cmake /home/bose/dev_ws/src/my_bot -DAMENT_CMAKE_SYMLINK_INSTALL=1 -DCMAKE_INSTALL_PREFIX=/home/bose/dev_ws/src/my_bot/install/my_bot
[5.232s] DEBUG:colcon.colcon_core.event_handler.log_command:Invoking command in '/home/bose/dev_ws/src/my_bot/build/my_bot': CMAKE_PREFIX_PATH=${CMAKE_PREFIX_PATH}:/home/bose/ros2_ws/install/serial_motor_demo:/opt/ros/humble /usr/bin/cmake --build /home/bose/dev_ws/src/my_bot/build/my_bot -- -j4 -l4
[27.972s] DEBUG:colcon.colcon_core.event_handler.log_command:Invoked command in '/home/bose/dev_ws/src/my_bot/build/my_bot' returned '0': CMAKE_PREFIX_PATH=${CMAKE_PREFIX_PATH}:/home/bose/ros2_ws/install/serial_motor_demo:/opt/ros/humble /usr/bin/cmake --build /home/bose/dev_ws/src/my_bot/build/my_bot -- -j4 -l4
[28.023s] DEBUG:colcon.colcon_core.event_handler.log_command:Invoking command in '/home/bose/dev_ws/src/my_bot/build/my_bot': CMAKE_PREFIX_PATH=${CMAKE_PREFIX_PATH}:/home/bose/ros2_ws/install/serial_motor_demo:/opt/ros/humble /usr/bin/cmake --install /home/bose/dev_ws/src/my_bot/build/my_bot
[28.761s] Level 1:colcon.colcon_core.environment:create_environment_scripts_only(my_bot)
[28.763s] DEBUG:colcon.colcon_core.event_handler.log_command:Invoked command in '/home/bose/dev_ws/src/my_bot/build/my_bot' returned '0': CMAKE_PREFIX_PATH=${CMAKE_PREFIX_PATH}:/home/bose/ros2_ws/install/serial_motor_demo:/opt/ros/humble /usr/bin/cmake --install /home/bose/dev_ws/src/my_bot/build/my_bot
[28.777s] Level 1:colcon.colcon_core.environment:checking '/home/bose/dev_ws/src/my_bot/install/my_bot' for CMake module files
[28.781s] Level 1:colcon.colcon_core.environment:checking '/home/bose/dev_ws/src/my_bot/install/my_bot' for CMake config files
[28.788s] Level 1:colcon.colcon_core.shell:create_environment_hook('my_bot', 'cmake_prefix_path')
[28.789s] INFO:colcon.colcon_core.shell:Creating environment hook '/home/bose/dev_ws/src/my_bot/install/my_bot/share/my_bot/hook/cmake_prefix_path.ps1'
[28.792s] INFO:colcon.colcon_core.shell:Creating environment descriptor '/home/bose/dev_ws/src/my_bot/install/my_bot/share/my_bot/hook/cmake_prefix_path.dsv'
[28.796s] INFO:colcon.colcon_core.shell:Creating environment hook '/home/bose/dev_ws/src/my_bot/install/my_bot/share/my_bot/hook/cmake_prefix_path.sh'
[28.801s] Level 1:colcon.colcon_core.environment:checking '/home/bose/dev_ws/src/my_bot/install/my_bot/lib'
[28.801s] Level 1:colcon.colcon_core.shell:create_environment_hook('my_bot', 'ld_library_path_lib')
[28.802s] INFO:colcon.colcon_core.shell:Creating environment hook '/home/bose/dev_ws/src/my_bot/install/my_bot/share/my_bot/hook/ld_library_path_lib.ps1'
[28.805s] INFO:colcon.colcon_core.shell:Creating environment descriptor '/home/bose/dev_ws/src/my_bot/install/my_bot/share/my_bot/hook/ld_library_path_lib.dsv'
[28.807s] INFO:colcon.colcon_core.shell:Creating environment hook '/home/bose/dev_ws/src/my_bot/install/my_bot/share/my_bot/hook/ld_library_path_lib.sh'
[28.809s] Level 1:colcon.colcon_core.environment:checking '/home/bose/dev_ws/src/my_bot/install/my_bot/bin'
[28.810s] Level 1:colcon.colcon_core.environment:checking '/home/bose/dev_ws/src/my_bot/install/my_bot/lib/pkgconfig/my_bot.pc'
[28.811s] Level 1:colcon.colcon_core.environment:checking '/home/bose/dev_ws/src/my_bot/install/my_bot/lib/python3.10/site-packages'
[28.812s] Level 1:colcon.colcon_core.environment:checking '/home/bose/dev_ws/src/my_bot/install/my_bot/bin'
[28.814s] INFO:colcon.colcon_core.shell:Creating package script '/home/bose/dev_ws/src/my_bot/install/my_bot/share/my_bot/package.ps1'
[28.818s] INFO:colcon.colcon_core.shell:Creating package descriptor '/home/bose/dev_ws/src/my_bot/install/my_bot/share/my_bot/package.dsv'
[28.821s] INFO:colcon.colcon_core.shell:Creating package script '/home/bose/dev_ws/src/my_bot/install/my_bot/share/my_bot/package.sh'
[28.824s] INFO:colcon.colcon_core.shell:Creating package script '/home/bose/dev_ws/src/my_bot/install/my_bot/share/my_bot/package.bash'
[28.828s] INFO:colcon.colcon_core.shell:Creating package script '/home/bose/dev_ws/src/my_bot/install/my_bot/share/my_bot/package.zsh'
[28.831s] Level 1:colcon.colcon_core.environment:create_file_with_runtime_dependencies(/home/bose/dev_ws/src/my_bot/install/my_bot/share/colcon-core/packages/my_bot)
[28.835s] Level 1:colcon.colcon_core.environment:create_environment_scripts_only(my_bot)
[28.836s] Level 1:colcon.colcon_core.environment:checking '/home/bose/dev_ws/src/my_bot/install/my_bot' for CMake module files
[28.839s] Level 1:colcon.colcon_core.environment:checking '/home/bose/dev_ws/src/my_bot/install/my_bot' for CMake config files
[28.845s] Level 1:colcon.colcon_core.shell:create_environment_hook('my_bot', 'cmake_prefix_path')
[28.846s] INFO:colcon.colcon_core.shell:Creating environment hook '/home/bose/dev_ws/src/my_bot/install/my_bot/share/my_bot/hook/cmake_prefix_path.ps1'
[28.849s] INFO:colcon.colcon_core.shell:Creating environment descriptor '/home/bose/dev_ws/src/my_bot/install/my_bot/share/my_bot/hook/cmake_prefix_path.dsv'
[28.850s] INFO:colcon.colcon_core.shell:Creating environment hook '/home/bose/dev_ws/src/my_bot/install/my_bot/share/my_bot/hook/cmake_prefix_path.sh'
[28.853s] Level 1:colcon.colcon_core.environment:checking '/home/bose/dev_ws/src/my_bot/install/my_bot/lib'
[28.854s] Level 1:colcon.colcon_core.shell:create_environment_hook('my_bot', 'ld_library_path_lib')
[28.855s] INFO:colcon.colcon_core.shell:Creating environment hook '/home/bose/dev_ws/src/my_bot/install/my_bot/share/my_bot/hook/ld_library_path_lib.ps1'
[28.857s] INFO:colcon.colcon_core.shell:Creating environment descriptor '/home/bose/dev_ws/src/my_bot/install/my_bot/share/my_bot/hook/ld_library_path_lib.dsv'
[28.859s] INFO:colcon.colcon_core.shell:Creating environment hook '/home/bose/dev_ws/src/my_bot/install/my_bot/share/my_bot/hook/ld_library_path_lib.sh'
[28.862s] Level 1:colcon.colcon_core.environment:checking '/home/bose/dev_ws/src/my_bot/install/my_bot/bin'
[28.862s] Level 1:colcon.colcon_core.environment:checking '/home/bose/dev_ws/src/my_bot/install/my_bot/lib/pkgconfig/my_bot.pc'
[28.863s] Level 1:colcon.colcon_core.environment:checking '/home/bose/dev_ws/src/my_bot/install/my_bot/lib/python3.10/site-packages'
[28.864s] Level 1:colcon.colcon_core.environment:checking '/home/bose/dev_ws/src/my_bot/install/my_bot/bin'
[28.866s] INFO:colcon.colcon_core.shell:Creating package script '/home/bose/dev_ws/src/my_bot/install/my_bot/share/my_bot/package.ps1'
[28.869s] INFO:colcon.colcon_core.shell:Creating package descriptor '/home/bose/dev_ws/src/my_bot/install/my_bot/share/my_bot/package.dsv'
[28.872s] INFO:colcon.colcon_core.shell:Creating package script '/home/bose/dev_ws/src/my_bot/install/my_bot/share/my_bot/package.sh'
[28.875s] INFO:colcon.colcon_core.shell:Creating package script '/home/bose/dev_ws/src/my_bot/install/my_bot/share/my_bot/package.bash'
[28.877s] INFO:colcon.colcon_core.shell:Creating package script '/home/bose/dev_ws/src/my_bot/install/my_bot/share/my_bot/package.zsh'
[28.879s] Level 1:colcon.colcon_core.environment:create_file_with_runtime_dependencies(/home/bose/dev_ws/src/my_bot/install/my_bot/share/colcon-core/packages/my_bot)
[28.881s] DEBUG:colcon.colcon_parallel_executor.executor.parallel:closing loop
[28.882s] DEBUG:colcon.colcon_parallel_executor.executor.parallel:loop closed
[28.884s] DEBUG:colcon.colcon_parallel_executor.executor.parallel:run_until_complete finished with '0'
[28.884s] DEBUG:colcon.colcon_core.event_reactor:joining thread
[28.907s] INFO:colcon.colcon_core.plugin_system:Skipping extension 'colcon_notification.desktop_notification.terminal_notifier': Not used on non-Darwin systems
[28.908s] INFO:colcon.colcon_core.plugin_system:Skipping extension 'colcon_notification.desktop_notification.win32': Not used on non-Windows systems
[28.908s] INFO:colcon.colcon_notification.desktop_notification:Sending desktop notification using 'notify2'
[28.975s] DEBUG:colcon.colcon_core.event_reactor:joined thread
[28.977s] INFO:colcon.colcon_core.shell:Creating prefix script '/home/bose/dev_ws/src/my_bot/install/local_setup.ps1'
[28.984s] INFO:colcon.colcon_core.shell:Creating prefix util module '/home/bose/dev_ws/src/my_bot/install/_local_setup_util_ps1.py'
[28.994s] INFO:colcon.colcon_core.shell:Creating prefix chain script '/home/bose/dev_ws/src/my_bot/install/setup.ps1'
[29.011s] INFO:colcon.colcon_core.shell:Creating prefix script '/home/bose/dev_ws/src/my_bot/install/local_setup.sh'
[29.016s] INFO:colcon.colcon_core.shell:Creating prefix util module '/home/bose/dev_ws/src/my_bot/install/_local_setup_util_sh.py'
[29.021s] INFO:colcon.colcon_core.shell:Creating prefix chain script '/home/bose/dev_ws/src/my_bot/install/setup.sh'
[29.032s] INFO:colcon.colcon_core.shell:Creating prefix script '/home/bose/dev_ws/src/my_bot/install/local_setup.bash'
[29.039s] INFO:colcon.colcon_core.shell:Creating prefix chain script '/home/bose/dev_ws/src/my_bot/install/setup.bash'
[29.051s] INFO:colcon.colcon_core.shell:Creating prefix script '/home/bose/dev_ws/src/my_bot/install/local_setup.zsh'
[29.056s] INFO:colcon.colcon_core.shell:Creating prefix chain script '/home/bose/dev_ws/src/my_bot/install/setup.zsh'
